Archive member included to satisfy reference by file (symbol)

c:/st/stm32cubeide_1.5.0/stm32cubeide/plugins/com.st.stm32cube.ide.mcu.externaltools.gnu-tools-for-stm32.7-2018-q2-update.win32_1.5.0.202011040924/tools/bin/../lib/gcc/arm-none-eabi/7.3.1/../../../../arm-none-eabi/lib/thumb/v7e-m/fpv4-sp/hard\libc_nano.a(lib_a-errno.o)
                              Src/syscalls.o (__errno)
c:/st/stm32cubeide_1.5.0/stm32cubeide/plugins/com.st.stm32cube.ide.mcu.externaltools.gnu-tools-for-stm32.7-2018-q2-update.win32_1.5.0.202011040924/tools/bin/../lib/gcc/arm-none-eabi/7.3.1/../../../../arm-none-eabi/lib/thumb/v7e-m/fpv4-sp/hard\libc_nano.a(lib_a-exit.o)
                              c:/st/stm32cubeide_1.5.0/stm32cubeide/plugins/com.st.stm32cube.ide.mcu.externaltools.gnu-tools-for-stm32.7-2018-q2-update.win32_1.5.0.202011040924/tools/bin/../lib/gcc/arm-none-eabi/7.3.1/../../../../arm-none-eabi/lib/thumb/v7e-m/fpv4-sp/hard/crt0.o (exit)
c:/st/stm32cubeide_1.5.0/stm32cubeide/plugins/com.st.stm32cube.ide.mcu.externaltools.gnu-tools-for-stm32.7-2018-q2-update.win32_1.5.0.202011040924/tools/bin/../lib/gcc/arm-none-eabi/7.3.1/../../../../arm-none-eabi/lib/thumb/v7e-m/fpv4-sp/hard\libc_nano.a(lib_a-impure.o)
                              c:/st/stm32cubeide_1.5.0/stm32cubeide/plugins/com.st.stm32cube.ide.mcu.externaltools.gnu-tools-for-stm32.7-2018-q2-update.win32_1.5.0.202011040924/tools/bin/../lib/gcc/arm-none-eabi/7.3.1/../../../../arm-none-eabi/lib/thumb/v7e-m/fpv4-sp/hard\libc_nano.a(lib_a-exit.o) (_global_impure_ptr)
c:/st/stm32cubeide_1.5.0/stm32cubeide/plugins/com.st.stm32cube.ide.mcu.externaltools.gnu-tools-for-stm32.7-2018-q2-update.win32_1.5.0.202011040924/tools/bin/../lib/gcc/arm-none-eabi/7.3.1/../../../../arm-none-eabi/lib/thumb/v7e-m/fpv4-sp/hard\libc_nano.a(lib_a-init.o)
                              c:/st/stm32cubeide_1.5.0/stm32cubeide/plugins/com.st.stm32cube.ide.mcu.externaltools.gnu-tools-for-stm32.7-2018-q2-update.win32_1.5.0.202011040924/tools/bin/../lib/gcc/arm-none-eabi/7.3.1/../../../../arm-none-eabi/lib/thumb/v7e-m/fpv4-sp/hard/crt0.o (__libc_init_array)
c:/st/stm32cubeide_1.5.0/stm32cubeide/plugins/com.st.stm32cube.ide.mcu.externaltools.gnu-tools-for-stm32.7-2018-q2-update.win32_1.5.0.202011040924/tools/bin/../lib/gcc/arm-none-eabi/7.3.1/../../../../arm-none-eabi/lib/thumb/v7e-m/fpv4-sp/hard\libc_nano.a(lib_a-memset.o)
                              c:/st/stm32cubeide_1.5.0/stm32cubeide/plugins/com.st.stm32cube.ide.mcu.externaltools.gnu-tools-for-stm32.7-2018-q2-update.win32_1.5.0.202011040924/tools/bin/../lib/gcc/arm-none-eabi/7.3.1/../../../../arm-none-eabi/lib/thumb/v7e-m/fpv4-sp/hard/crt0.o (memset)

Allocating common symbols
Common symbol       size              file

I2C1Handle          0x28              Src/MPU6050.o
rcv_buf             0x20              Src/MPU6050.o

Discarded input sections

 .text          0x0000000000000000        0x0 c:/st/stm32cubeide_1.5.0/stm32cubeide/plugins/com.st.stm32cube.ide.mcu.externaltools.gnu-tools-for-stm32.7-2018-q2-update.win32_1.5.0.202011040924/tools/bin/../lib/gcc/arm-none-eabi/7.3.1/thumb/v7e-m/fpv4-sp/hard/crti.o
 .data          0x0000000000000000        0x0 c:/st/stm32cubeide_1.5.0/stm32cubeide/plugins/com.st.stm32cube.ide.mcu.externaltools.gnu-tools-for-stm32.7-2018-q2-update.win32_1.5.0.202011040924/tools/bin/../lib/gcc/arm-none-eabi/7.3.1/thumb/v7e-m/fpv4-sp/hard/crti.o
 .bss           0x0000000000000000        0x0 c:/st/stm32cubeide_1.5.0/stm32cubeide/plugins/com.st.stm32cube.ide.mcu.externaltools.gnu-tools-for-stm32.7-2018-q2-update.win32_1.5.0.202011040924/tools/bin/../lib/gcc/arm-none-eabi/7.3.1/thumb/v7e-m/fpv4-sp/hard/crti.o
 .data          0x0000000000000000        0x4 c:/st/stm32cubeide_1.5.0/stm32cubeide/plugins/com.st.stm32cube.ide.mcu.externaltools.gnu-tools-for-stm32.7-2018-q2-update.win32_1.5.0.202011040924/tools/bin/../lib/gcc/arm-none-eabi/7.3.1/thumb/v7e-m/fpv4-sp/hard/crtbegin.o
 .text          0x0000000000000000       0x74 c:/st/stm32cubeide_1.5.0/stm32cubeide/plugins/com.st.stm32cube.ide.mcu.externaltools.gnu-tools-for-stm32.7-2018-q2-update.win32_1.5.0.202011040924/tools/bin/../lib/gcc/arm-none-eabi/7.3.1/../../../../arm-none-eabi/lib/thumb/v7e-m/fpv4-sp/hard/crt0.o
 .data          0x0000000000000000        0x0 c:/st/stm32cubeide_1.5.0/stm32cubeide/plugins/com.st.stm32cube.ide.mcu.externaltools.gnu-tools-for-stm32.7-2018-q2-update.win32_1.5.0.202011040924/tools/bin/../lib/gcc/arm-none-eabi/7.3.1/../../../../arm-none-eabi/lib/thumb/v7e-m/fpv4-sp/hard/crt0.o
 .bss           0x0000000000000000        0x0 c:/st/stm32cubeide_1.5.0/stm32cubeide/plugins/com.st.stm32cube.ide.mcu.externaltools.gnu-tools-for-stm32.7-2018-q2-update.win32_1.5.0.202011040924/tools/bin/../lib/gcc/arm-none-eabi/7.3.1/../../../../arm-none-eabi/lib/thumb/v7e-m/fpv4-sp/hard/crt0.o
 .ARM.extab     0x0000000000000000        0x0 c:/st/stm32cubeide_1.5.0/stm32cubeide/plugins/com.st.stm32cube.ide.mcu.externaltools.gnu-tools-for-stm32.7-2018-q2-update.win32_1.5.0.202011040924/tools/bin/../lib/gcc/arm-none-eabi/7.3.1/../../../../arm-none-eabi/lib/thumb/v7e-m/fpv4-sp/hard/crt0.o
 .ARM.exidx     0x0000000000000000        0x8 c:/st/stm32cubeide_1.5.0/stm32cubeide/plugins/com.st.stm32cube.ide.mcu.externaltools.gnu-tools-for-stm32.7-2018-q2-update.win32_1.5.0.202011040924/tools/bin/../lib/gcc/arm-none-eabi/7.3.1/../../../../arm-none-eabi/lib/thumb/v7e-m/fpv4-sp/hard/crt0.o
 .ARM.attributes
                0x0000000000000000       0x20 c:/st/stm32cubeide_1.5.0/stm32cubeide/plugins/com.st.stm32cube.ide.mcu.externaltools.gnu-tools-for-stm32.7-2018-q2-update.win32_1.5.0.202011040924/tools/bin/../lib/gcc/arm-none-eabi/7.3.1/../../../../arm-none-eabi/lib/thumb/v7e-m/fpv4-sp/hard/crt0.o
 .group         0x0000000000000000        0xc Src/MPU6050.o
 .group         0x0000000000000000        0xc Src/MPU6050.o
 .group         0x0000000000000000        0xc Src/MPU6050.o
 .group         0x0000000000000000        0xc Src/MPU6050.o
 .group         0x0000000000000000        0xc Src/MPU6050.o
 .group         0x0000000000000000        0xc Src/MPU6050.o
 .group         0x0000000000000000        0xc Src/MPU6050.o
 .group         0x0000000000000000        0xc Src/MPU6050.o
 .group         0x0000000000000000        0xc Src/MPU6050.o
 .group         0x0000000000000000        0xc Src/MPU6050.o
 .group         0x0000000000000000        0xc Src/MPU6050.o
 .group         0x0000000000000000        0xc Src/MPU6050.o
 .group         0x0000000000000000        0xc Src/MPU6050.o
 .group         0x0000000000000000        0xc Src/MPU6050.o
 .group         0x0000000000000000        0xc Src/MPU6050.o
 .group         0x0000000000000000        0xc Src/MPU6050.o
 .group         0x0000000000000000        0xc Src/MPU6050.o
 .group         0x0000000000000000        0xc Src/MPU6050.o
 .group         0x0000000000000000        0xc Src/MPU6050.o
 .group         0x0000000000000000        0xc Src/MPU6050.o
 .group         0x0000000000000000        0xc Src/MPU6050.o
 .group         0x0000000000000000        0xc Src/MPU6050.o
 .group         0x0000000000000000        0xc Src/MPU6050.o
 .group         0x0000000000000000        0xc Src/MPU6050.o
 .group         0x0000000000000000        0xc Src/MPU6050.o
 .group         0x0000000000000000        0xc Src/MPU6050.o
 .group         0x0000000000000000        0xc Src/MPU6050.o
 .group         0x0000000000000000        0xc Src/MPU6050.o
 .group         0x0000000000000000        0xc Src/MPU6050.o
 .group         0x0000000000000000        0xc Src/MPU6050.o
 .group         0x0000000000000000        0xc Src/MPU6050.o
 .group         0x0000000000000000        0xc Src/MPU6050.o
 .group         0x0000000000000000        0xc Src/MPU6050.o
 .group         0x0000000000000000        0xc Src/MPU6050.o
 .group         0x0000000000000000        0xc Src/MPU6050.o
 .group         0x0000000000000000        0xc Src/MPU6050.o
 .group         0x0000000000000000        0xc Src/MPU6050.o
 .group         0x0000000000000000        0xc Src/MPU6050.o
 .group         0x0000000000000000        0xc Src/MPU6050.o
 .group         0x0000000000000000        0xc Src/MPU6050.o
 .text          0x0000000000000000        0x0 Src/MPU6050.o
 .data          0x0000000000000000        0x0 Src/MPU6050.o
 .bss           0x0000000000000000        0x0 Src/MPU6050.o
 .text.delay    0x0000000000000000       0x2c Src/MPU6050.o
 .group         0x0000000000000000        0xc Src/syscalls.o
 .group         0x0000000000000000        0xc Src/syscalls.o
 .group         0x0000000000000000        0xc Src/syscalls.o
 .group         0x0000000000000000        0xc Src/syscalls.o
 .group         0x0000000000000000        0xc Src/syscalls.o
 .group         0x0000000000000000        0xc Src/syscalls.o
 .group         0x0000000000000000        0xc Src/syscalls.o
 .group         0x0000000000000000        0xc Src/syscalls.o
 .group         0x0000000000000000        0xc Src/syscalls.o
 .group         0x0000000000000000        0xc Src/syscalls.o
 .group         0x0000000000000000        0xc Src/syscalls.o
 .group         0x0000000000000000        0xc Src/syscalls.o
 .group         0x0000000000000000        0xc Src/syscalls.o
 .group         0x0000000000000000        0xc Src/syscalls.o
 .group         0x0000000000000000        0xc Src/syscalls.o
 .group         0x0000000000000000        0xc Src/syscalls.o
 .group         0x0000000000000000        0xc Src/syscalls.o
 .group         0x0000000000000000        0xc Src/syscalls.o
 .group         0x0000000000000000        0xc Src/syscalls.o
 .group         0x0000000000000000        0xc Src/syscalls.o
 .group         0x0000000000000000        0xc Src/syscalls.o
 .group         0x0000000000000000        0xc Src/syscalls.o
 .group         0x0000000000000000        0xc Src/syscalls.o
 .group         0x0000000000000000        0xc Src/syscalls.o
 .group         0x0000000000000000        0xc Src/syscalls.o
 .group         0x0000000000000000        0xc Src/syscalls.o
 .group         0x0000000000000000        0xc Src/syscalls.o
 .group         0x0000000000000000        0xc Src/syscalls.o
 .group         0x0000000000000000        0xc Src/syscalls.o
 .group         0x0000000000000000        0xc Src/syscalls.o
 .group         0x0000000000000000        0xc Src/syscalls.o
 .group         0x0000000000000000        0xc Src/syscalls.o
 .group         0x0000000000000000        0xc Src/syscalls.o
 .group         0x0000000000000000        0xc Src/syscalls.o
 .group         0x0000000000000000        0xc Src/syscalls.o
 .group         0x0000000000000000        0xc Src/syscalls.o
 .group         0x0000000000000000        0xc Src/syscalls.o
 .group         0x0000000000000000        0xc Src/syscalls.o
 .group         0x0000000000000000        0xc Src/syscalls.o
 .group         0x0000000000000000        0xc Src/syscalls.o
 .group         0x0000000000000000        0xc Src/syscalls.o
 .group         0x0000000000000000        0xc Src/syscalls.o
 .group         0x0000000000000000        0xc Src/syscalls.o
 .group         0x0000000000000000        0xc Src/syscalls.o
 .text          0x0000000000000000        0x0 Src/syscalls.o
 .data          0x0000000000000000        0x0 Src/syscalls.o
 .bss           0x0000000000000000        0x0 Src/syscalls.o
 .bss.__env     0x0000000000000000        0x4 Src/syscalls.o
 .data.environ  0x0000000000000000        0x4 Src/syscalls.o
 .text.initialise_monitor_handles
                0x0000000000000000        0xe Src/syscalls.o
 .text._getpid  0x0000000000000000       0x10 Src/syscalls.o
 .text._kill    0x0000000000000000       0x20 Src/syscalls.o
 .text._exit    0x0000000000000000       0x14 Src/syscalls.o
 .text._read    0x0000000000000000       0x3a Src/syscalls.o
 .text._write   0x0000000000000000       0x38 Src/syscalls.o
 .text._close   0x0000000000000000       0x18 Src/syscalls.o
 .text._fstat   0x0000000000000000       0x20 Src/syscalls.o
 .text._isatty  0x0000000000000000       0x16 Src/syscalls.o
 .text._lseek   0x0000000000000000       0x1a Src/syscalls.o
 .text._open    0x0000000000000000       0x1c Src/syscalls.o
 .text._wait    0x0000000000000000       0x1e Src/syscalls.o
 .text._unlink  0x0000000000000000       0x1e Src/syscalls.o
 .text._times   0x0000000000000000       0x18 Src/syscalls.o
 .text._stat    0x0000000000000000       0x20 Src/syscalls.o
 .text._link    0x0000000000000000       0x20 Src/syscalls.o
 .text._fork    0x0000000000000000       0x16 Src/syscalls.o
 .text._execve  0x0000000000000000       0x22 Src/syscalls.o
 .debug_info    0x0000000000000000      0xebd Src/syscalls.o
 .debug_abbrev  0x0000000000000000      0x261 Src/syscalls.o
 .debug_aranges
                0x0000000000000000       0xa8 Src/syscalls.o
 .debug_ranges  0x0000000000000000       0x98 Src/syscalls.o
 .debug_macro   0x0000000000000000      0x243 Src/syscalls.o
 .debug_macro   0x0000000000000000      0xa66 Src/syscalls.o
 .debug_macro   0x0000000000000000       0x22 Src/syscalls.o
 .debug_macro   0x0000000000000000       0x40 Src/syscalls.o
 .debug_macro   0x0000000000000000       0x18 Src/syscalls.o
 .debug_macro   0x0000000000000000       0x94 Src/syscalls.o
 .debug_macro   0x0000000000000000       0x3c Src/syscalls.o
 .debug_macro   0x0000000000000000       0x34 Src/syscalls.o
 .debug_macro   0x0000000000000000       0x57 Src/syscalls.o
 .debug_macro   0x0000000000000000      0x174 Src/syscalls.o
 .debug_macro   0x0000000000000000      0x330 Src/syscalls.o
 .debug_macro   0x0000000000000000       0x52 Src/syscalls.o
 .debug_macro   0x0000000000000000       0x1f Src/syscalls.o
 .debug_macro   0x0000000000000000       0x43 Src/syscalls.o
 .debug_macro   0x0000000000000000       0x20 Src/syscalls.o
 .debug_macro   0x0000000000000000      0x1a3 Src/syscalls.o
 .debug_macro   0x0000000000000000       0x10 Src/syscalls.o
 .debug_macro   0x0000000000000000       0x35 Src/syscalls.o
 .debug_macro   0x0000000000000000       0x10 Src/syscalls.o
 .debug_macro   0x0000000000000000       0x10 Src/syscalls.o
 .debug_macro   0x0000000000000000       0x10 Src/syscalls.o
 .debug_macro   0x0000000000000000       0x6a Src/syscalls.o
 .debug_macro   0x0000000000000000       0x1c Src/syscalls.o
 .debug_macro   0x0000000000000000       0x52 Src/syscalls.o
 .debug_macro   0x0000000000000000       0x40 Src/syscalls.o
 .debug_macro   0x0000000000000000       0x10 Src/syscalls.o
 .debug_macro   0x0000000000000000       0x40 Src/syscalls.o
 .debug_macro   0x0000000000000000       0xd7 Src/syscalls.o
 .debug_macro   0x0000000000000000       0x1c Src/syscalls.o
 .debug_macro   0x0000000000000000       0x3d Src/syscalls.o
 .debug_macro   0x0000000000000000       0x35 Src/syscalls.o
 .debug_macro   0x0000000000000000      0x122 Src/syscalls.o
 .debug_macro   0x0000000000000000       0x16 Src/syscalls.o
 .debug_macro   0x0000000000000000       0x16 Src/syscalls.o
 .debug_macro   0x0000000000000000       0x29 Src/syscalls.o
 .debug_macro   0x0000000000000000       0x10 Src/syscalls.o
 .debug_macro   0x0000000000000000      0x241 Src/syscalls.o
 .debug_macro   0x0000000000000000       0x1c Src/syscalls.o
 .debug_macro   0x0000000000000000       0x10 Src/syscalls.o
 .debug_macro   0x0000000000000000       0x10 Src/syscalls.o
 .debug_macro   0x0000000000000000       0x16 Src/syscalls.o
 .debug_macro   0x0000000000000000      0x145 Src/syscalls.o
 .debug_macro   0x0000000000000000      0x189 Src/syscalls.o
 .debug_macro   0x0000000000000000       0x16 Src/syscalls.o
 .debug_macro   0x0000000000000000       0x88 Src/syscalls.o
 .debug_line    0x0000000000000000      0x739 Src/syscalls.o
 .debug_str     0x0000000000000000     0x88aa Src/syscalls.o
 .comment       0x0000000000000000       0x7c Src/syscalls.o
 .debug_frame   0x0000000000000000      0x2ac Src/syscalls.o
 .ARM.attributes
                0x0000000000000000       0x39 Src/syscalls.o
 .text          0x0000000000000000       0x14 Startup/startup_stm32f446retx.o
 .data          0x0000000000000000        0x0 Startup/startup_stm32f446retx.o
 .bss           0x0000000000000000        0x0 Startup/startup_stm32f446retx.o
 .group         0x0000000000000000        0xc Startup/sysmem.o
 .group         0x0000000000000000        0xc Startup/sysmem.o
 .group         0x0000000000000000        0xc Startup/sysmem.o
 .group         0x0000000000000000        0xc Startup/sysmem.o
 .group         0x0000000000000000        0xc Startup/sysmem.o
 .group         0x0000000000000000        0xc Startup/sysmem.o
 .group         0x0000000000000000        0xc Startup/sysmem.o
 .group         0x0000000000000000        0xc Startup/sysmem.o
 .group         0x0000000000000000        0xc Startup/sysmem.o
 .group         0x0000000000000000        0xc Startup/sysmem.o
 .group         0x0000000000000000        0xc Startup/sysmem.o
 .group         0x0000000000000000        0xc Startup/sysmem.o
 .group         0x0000000000000000        0xc Startup/sysmem.o
 .group         0x0000000000000000        0xc Startup/sysmem.o
 .group         0x0000000000000000        0xc Startup/sysmem.o
 .group         0x0000000000000000        0xc Startup/sysmem.o
 .group         0x0000000000000000        0xc Startup/sysmem.o
 .group         0x0000000000000000        0xc Startup/sysmem.o
 .group         0x0000000000000000        0xc Startup/sysmem.o
 .group         0x0000000000000000        0xc Startup/sysmem.o
 .group         0x0000000000000000        0xc Startup/sysmem.o
 .group         0x0000000000000000        0xc Startup/sysmem.o
 .group         0x0000000000000000        0xc Startup/sysmem.o
 .group         0x0000000000000000        0xc Startup/sysmem.o
 .group         0x0000000000000000        0xc Startup/sysmem.o
 .group         0x0000000000000000        0xc Startup/sysmem.o
 .group         0x0000000000000000        0xc Startup/sysmem.o
 .group         0x0000000000000000        0xc Startup/sysmem.o
 .group         0x0000000000000000        0xc Startup/sysmem.o
 .group         0x0000000000000000        0xc Startup/sysmem.o
 .group         0x0000000000000000        0xc Startup/sysmem.o
 .group         0x0000000000000000        0xc Startup/sysmem.o
 .text          0x0000000000000000        0x0 Startup/sysmem.o
 .data          0x0000000000000000        0x0 Startup/sysmem.o
 .bss           0x0000000000000000        0x0 Startup/sysmem.o
 .bss.heap_end.6424
                0x0000000000000000        0x4 Startup/sysmem.o
 .text._sbrk    0x0000000000000000       0x58 Startup/sysmem.o
 .debug_info    0x0000000000000000      0x91c Startup/sysmem.o
 .debug_abbrev  0x0000000000000000      0x1bb Startup/sysmem.o
 .debug_aranges
                0x0000000000000000       0x20 Startup/sysmem.o
 .debug_ranges  0x0000000000000000       0x10 Startup/sysmem.o
 .debug_macro   0x0000000000000000      0x1ae Startup/sysmem.o
 .debug_macro   0x0000000000000000      0xa66 Startup/sysmem.o
 .debug_macro   0x0000000000000000       0x10 Startup/sysmem.o
 .debug_macro   0x0000000000000000       0x22 Startup/sysmem.o
 .debug_macro   0x0000000000000000       0x40 Startup/sysmem.o
 .debug_macro   0x0000000000000000       0x18 Startup/sysmem.o
 .debug_macro   0x0000000000000000       0x94 Startup/sysmem.o
 .debug_macro   0x0000000000000000       0x3c Startup/sysmem.o
 .debug_macro   0x0000000000000000       0x34 Startup/sysmem.o
 .debug_macro   0x0000000000000000      0x174 Startup/sysmem.o
 .debug_macro   0x0000000000000000       0x57 Startup/sysmem.o
 .debug_macro   0x0000000000000000       0x52 Startup/sysmem.o
 .debug_macro   0x0000000000000000       0x1f Startup/sysmem.o
 .debug_macro   0x0000000000000000       0x43 Startup/sysmem.o
 .debug_macro   0x0000000000000000       0x20 Startup/sysmem.o
 .debug_macro   0x0000000000000000      0x1a3 Startup/sysmem.o
 .debug_macro   0x0000000000000000      0x23b Startup/sysmem.o
 .debug_macro   0x0000000000000000       0x16 Startup/sysmem.o
 .debug_macro   0x0000000000000000       0x35 Startup/sysmem.o
 .debug_macro   0x0000000000000000      0x330 Startup/sysmem.o
 .debug_macro   0x0000000000000000       0x10 Startup/sysmem.o
 .debug_macro   0x0000000000000000       0x10 Startup/sysmem.o
 .debug_macro   0x0000000000000000       0x6a Startup/sysmem.o
 .debug_macro   0x0000000000000000       0x1c Startup/sysmem.o
 .debug_macro   0x0000000000000000       0x52 Startup/sysmem.o
 .debug_macro   0x0000000000000000       0x40 Startup/sysmem.o
 .debug_macro   0x0000000000000000       0x10 Startup/sysmem.o
 .debug_macro   0x0000000000000000       0x40 Startup/sysmem.o
 .debug_macro   0x0000000000000000       0xd7 Startup/sysmem.o
 .debug_macro   0x0000000000000000       0x1c Startup/sysmem.o
 .debug_macro   0x0000000000000000       0x3d Startup/sysmem.o
 .debug_macro   0x0000000000000000       0x16 Startup/sysmem.o
 .debug_macro   0x0000000000000000      0x145 Startup/sysmem.o
 .debug_line    0x0000000000000000      0x55d Startup/sysmem.o
 .debug_str     0x0000000000000000     0x7b07 Startup/sysmem.o
 .comment       0x0000000000000000       0x7c Startup/sysmem.o
 .debug_frame   0x0000000000000000       0x34 Startup/sysmem.o
 .ARM.attributes
                0x0000000000000000       0x39 Startup/sysmem.o
 .group         0x0000000000000000        0xc drivers/src/stm32f446xx_gpio.o
 .group         0x0000000000000000        0xc drivers/src/stm32f446xx_gpio.o
 .group         0x0000000000000000        0xc drivers/src/stm32f446xx_gpio.o
 .group         0x0000000000000000        0xc drivers/src/stm32f446xx_gpio.o
 .group         0x0000000000000000        0xc drivers/src/stm32f446xx_gpio.o
 .group         0x0000000000000000        0xc drivers/src/stm32f446xx_gpio.o
 .group         0x0000000000000000        0xc drivers/src/stm32f446xx_gpio.o
 .group         0x0000000000000000        0xc drivers/src/stm32f446xx_gpio.o
 .group         0x0000000000000000        0xc drivers/src/stm32f446xx_gpio.o
 .group         0x0000000000000000        0xc drivers/src/stm32f446xx_gpio.o
 .group         0x0000000000000000        0xc drivers/src/stm32f446xx_gpio.o
 .group         0x0000000000000000        0xc drivers/src/stm32f446xx_gpio.o
 .group         0x0000000000000000        0xc drivers/src/stm32f446xx_gpio.o
 .text          0x0000000000000000        0x0 drivers/src/stm32f446xx_gpio.o
 .data          0x0000000000000000        0x0 drivers/src/stm32f446xx_gpio.o
 .bss           0x0000000000000000        0x0 drivers/src/stm32f446xx_gpio.o
 .text.GPIO_DeInit
                0x0000000000000000      0x148 drivers/src/stm32f446xx_gpio.o
 .text.GPIO_ReadFromInputPin
                0x0000000000000000       0x2c drivers/src/stm32f446xx_gpio.o
 .text.GPIO_ReadFromInputPort
                0x0000000000000000       0x1c drivers/src/stm32f446xx_gpio.o
 .text.GPIO_WriteToOutputPin
                0x0000000000000000       0x4a drivers/src/stm32f446xx_gpio.o
 .text.GPIO_WriteToOutputPort
                0x0000000000000000       0x1e drivers/src/stm32f446xx_gpio.o
 .text.GPIO_ToggleOutputPin
                0x0000000000000000       0x2a drivers/src/stm32f446xx_gpio.o
 .text.GPIO_IRQInterruptConfig
                0x0000000000000000      0x10c drivers/src/stm32f446xx_gpio.o
 .text.GPIO_IRQPriorityConfig
                0x0000000000000000       0x54 drivers/src/stm32f446xx_gpio.o
 .text.GPIO_IRQHandling
                0x0000000000000000       0x40 drivers/src/stm32f446xx_gpio.o
 .debug_macro   0x0000000000000000      0xa66 drivers/src/stm32f446xx_gpio.o
 .debug_macro   0x0000000000000000       0x22 drivers/src/stm32f446xx_gpio.o
 .debug_macro   0x0000000000000000       0xef drivers/src/stm32f446xx_gpio.o
 .debug_macro   0x0000000000000000       0x6a drivers/src/stm32f446xx_gpio.o
 .debug_macro   0x0000000000000000      0x1df drivers/src/stm32f446xx_gpio.o
 .debug_macro   0x0000000000000000      0x174 drivers/src/stm32f446xx_gpio.o
 .debug_macro   0x0000000000000000      0x769 drivers/src/stm32f446xx_gpio.o
 .debug_macro   0x0000000000000000       0xc4 drivers/src/stm32f446xx_gpio.o
 .debug_macro   0x0000000000000000       0xd0 drivers/src/stm32f446xx_gpio.o
 .debug_macro   0x0000000000000000       0xd6 drivers/src/stm32f446xx_gpio.o
 .debug_macro   0x0000000000000000       0xd6 drivers/src/stm32f446xx_gpio.o
 .group         0x0000000000000000        0xc drivers/src/stm32f446xx_i2c_driver.o
 .group         0x0000000000000000        0xc drivers/src/stm32f446xx_i2c_driver.o
 .group         0x0000000000000000        0xc drivers/src/stm32f446xx_i2c_driver.o
 .group         0x0000000000000000        0xc drivers/src/stm32f446xx_i2c_driver.o
 .group         0x0000000000000000        0xc drivers/src/stm32f446xx_i2c_driver.o
 .group         0x0000000000000000        0xc drivers/src/stm32f446xx_i2c_driver.o
 .group         0x0000000000000000        0xc drivers/src/stm32f446xx_i2c_driver.o
 .group         0x0000000000000000        0xc drivers/src/stm32f446xx_i2c_driver.o
 .group         0x0000000000000000        0xc drivers/src/stm32f446xx_i2c_driver.o
 .group         0x0000000000000000        0xc drivers/src/stm32f446xx_i2c_driver.o
 .group         0x0000000000000000        0xc drivers/src/stm32f446xx_i2c_driver.o
 .group         0x0000000000000000        0xc drivers/src/stm32f446xx_i2c_driver.o
 .group         0x0000000000000000        0xc drivers/src/stm32f446xx_i2c_driver.o
 .text          0x0000000000000000        0x0 drivers/src/stm32f446xx_i2c_driver.o
 .data          0x0000000000000000        0x0 drivers/src/stm32f446xx_i2c_driver.o
 .bss           0x0000000000000000        0x0 drivers/src/stm32f446xx_i2c_driver.o
 .text.I2C_ExecuteAddressPhaseRead
                0x0000000000000000       0x2c drivers/src/stm32f446xx_i2c_driver.o
 .text.I2C_MasterHandleTXEInterrupt
                0x0000000000000000       0x3c drivers/src/stm32f446xx_i2c_driver.o
 .text.I2C_MasterHandleRXNEInterrupt
                0x0000000000000000       0x98 drivers/src/stm32f446xx_i2c_driver.o
 .text.I2C_MasterReceiveData
                0x0000000000000000      0x124 drivers/src/stm32f446xx_i2c_driver.o
 .text.I2C_IRQInterruptConfig
                0x0000000000000000      0x10c drivers/src/stm32f446xx_i2c_driver.o
 .text.I2C_IRQPriorityConfig
                0x0000000000000000       0x54 drivers/src/stm32f446xx_i2c_driver.o
 .text.I2C_MasterSendDataIT
                0x0000000000000000       0x86 drivers/src/stm32f446xx_i2c_driver.o
 .text.I2C_MasterReceiveDataIT
                0x0000000000000000       0x94 drivers/src/stm32f446xx_i2c_driver.o
 .text.I2C_EV_IRQHandling
                0x0000000000000000      0x1b8 drivers/src/stm32f446xx_i2c_driver.o
 .text.I2C_CloseReceiveData
                0x0000000000000000       0x5c drivers/src/stm32f446xx_i2c_driver.o
 .text.I2C_CloseSendData
                0x0000000000000000       0x46 drivers/src/stm32f446xx_i2c_driver.o
 .text.I2C_ER_IRQHandling
                0x0000000000000000      0x10c drivers/src/stm32f446xx_i2c_driver.o
 .text.I2C_SlaveSendData
                0x0000000000000000       0x1e drivers/src/stm32f446xx_i2c_driver.o
 .text.I2C_SlaveReceiveData
                0x0000000000000000       0x1a drivers/src/stm32f446xx_i2c_driver.o
 .text.I2C_SlaveEnableDisableCallbackEvents
                0x0000000000000000       0x68 drivers/src/stm32f446xx_i2c_driver.o
 .debug_macro   0x0000000000000000      0xa66 drivers/src/stm32f446xx_i2c_driver.o
 .debug_macro   0x0000000000000000       0x22 drivers/src/stm32f446xx_i2c_driver.o
 .debug_macro   0x0000000000000000       0x8e drivers/src/stm32f446xx_i2c_driver.o
 .debug_macro   0x0000000000000000       0x51 drivers/src/stm32f446xx_i2c_driver.o
 .debug_macro   0x0000000000000000       0xef drivers/src/stm32f446xx_i2c_driver.o
 .debug_macro   0x0000000000000000       0x6a drivers/src/stm32f446xx_i2c_driver.o
 .debug_macro   0x0000000000000000      0x1df drivers/src/stm32f446xx_i2c_driver.o
 .debug_macro   0x0000000000000000      0x174 drivers/src/stm32f446xx_i2c_driver.o
 .debug_macro   0x0000000000000000      0x769 drivers/src/stm32f446xx_i2c_driver.o
 .debug_macro   0x0000000000000000       0xc4 drivers/src/stm32f446xx_i2c_driver.o
 .debug_macro   0x0000000000000000       0xd0 drivers/src/stm32f446xx_i2c_driver.o
 .debug_macro   0x0000000000000000       0xd6 drivers/src/stm32f446xx_i2c_driver.o
 .group         0x0000000000000000        0xc drivers/src/stm32f446xx_rcc_driver.o
 .group         0x0000000000000000        0xc drivers/src/stm32f446xx_rcc_driver.o
 .group         0x0000000000000000        0xc drivers/src/stm32f446xx_rcc_driver.o
 .group         0x0000000000000000        0xc drivers/src/stm32f446xx_rcc_driver.o
 .group         0x0000000000000000        0xc drivers/src/stm32f446xx_rcc_driver.o
 .group         0x0000000000000000        0xc drivers/src/stm32f446xx_rcc_driver.o
 .group         0x0000000000000000        0xc drivers/src/stm32f446xx_rcc_driver.o
 .group         0x0000000000000000        0xc drivers/src/stm32f446xx_rcc_driver.o
 .group         0x0000000000000000        0xc drivers/src/stm32f446xx_rcc_driver.o
 .group         0x0000000000000000        0xc drivers/src/stm32f446xx_rcc_driver.o
 .group         0x0000000000000000        0xc drivers/src/stm32f446xx_rcc_driver.o
 .group         0x0000000000000000        0xc drivers/src/stm32f446xx_rcc_driver.o
 .group         0x0000000000000000        0xc drivers/src/stm32f446xx_rcc_driver.o
 .text          0x0000000000000000        0x0 drivers/src/stm32f446xx_rcc_driver.o
 .data          0x0000000000000000        0x0 drivers/src/stm32f446xx_rcc_driver.o
 .bss           0x0000000000000000        0x0 drivers/src/stm32f446xx_rcc_driver.o
 .text.RCC_GetPCLK2Value
                0x0000000000000000       0xa0 drivers/src/stm32f446xx_rcc_driver.o
 .debug_macro   0x0000000000000000      0xa66 drivers/src/stm32f446xx_rcc_driver.o
 .debug_macro   0x0000000000000000       0x22 drivers/src/stm32f446xx_rcc_driver.o
 .debug_macro   0x0000000000000000       0x8e drivers/src/stm32f446xx_rcc_driver.o
 .debug_macro   0x0000000000000000       0x51 drivers/src/stm32f446xx_rcc_driver.o
 .debug_macro   0x0000000000000000       0xef drivers/src/stm32f446xx_rcc_driver.o
 .debug_macro   0x0000000000000000       0x6a drivers/src/stm32f446xx_rcc_driver.o
 .debug_macro   0x0000000000000000      0x1df drivers/src/stm32f446xx_rcc_driver.o
 .debug_macro   0x0000000000000000      0x174 drivers/src/stm32f446xx_rcc_driver.o
 .debug_macro   0x0000000000000000      0x769 drivers/src/stm32f446xx_rcc_driver.o
 .debug_macro   0x0000000000000000       0xc4 drivers/src/stm32f446xx_rcc_driver.o
 .debug_macro   0x0000000000000000       0xd0 drivers/src/stm32f446xx_rcc_driver.o
 .debug_macro   0x0000000000000000       0xd6 drivers/src/stm32f446xx_rcc_driver.o
 .debug_macro   0x0000000000000000       0xd6 drivers/src/stm32f446xx_rcc_driver.o
 .group         0x0000000000000000        0xc drivers/src/stm32f446xx_spi_driver.o
 .group         0x0000000000000000        0xc drivers/src/stm32f446xx_spi_driver.o
 .group         0x0000000000000000        0xc drivers/src/stm32f446xx_spi_driver.o
 .group         0x0000000000000000        0xc drivers/src/stm32f446xx_spi_driver.o
 .group         0x0000000000000000        0xc drivers/src/stm32f446xx_spi_driver.o
 .group         0x0000000000000000        0xc drivers/src/stm32f446xx_spi_driver.o
 .group         0x0000000000000000        0xc drivers/src/stm32f446xx_spi_driver.o
 .group         0x0000000000000000        0xc drivers/src/stm32f446xx_spi_driver.o
 .group         0x0000000000000000        0xc drivers/src/stm32f446xx_spi_driver.o
 .group         0x0000000000000000        0xc drivers/src/stm32f446xx_spi_driver.o
 .group         0x0000000000000000        0xc drivers/src/stm32f446xx_spi_driver.o
 .group         0x0000000000000000        0xc drivers/src/stm32f446xx_spi_driver.o
 .group         0x0000000000000000        0xc drivers/src/stm32f446xx_spi_driver.o
 .text          0x0000000000000000        0x0 drivers/src/stm32f446xx_spi_driver.o
 .data          0x0000000000000000        0x0 drivers/src/stm32f446xx_spi_driver.o
 .bss           0x0000000000000000        0x0 drivers/src/stm32f446xx_spi_driver.o
 .text.SPI_PeriClockControl
                0x0000000000000000       0xe0 drivers/src/stm32f446xx_spi_driver.o
 .text.SPI_Init
                0x0000000000000000       0xa8 drivers/src/stm32f446xx_spi_driver.o
 .text.SPI_DeInit
                0x0000000000000000       0xb0 drivers/src/stm32f446xx_spi_driver.o
 .text.SPI_GetFlagStatus
                0x0000000000000000       0x28 drivers/src/stm32f446xx_spi_driver.o
 .text.SPI_SendData
                0x0000000000000000       0x6c drivers/src/stm32f446xx_spi_driver.o
 .text.SPI_PeripheralControl
                0x0000000000000000       0x38 drivers/src/stm32f446xx_spi_driver.o
 .text.SPI_SSIConfig
                0x0000000000000000       0x38 drivers/src/stm32f446xx_spi_driver.o
 .text.SPI_SSOEConfig
                0x0000000000000000       0x38 drivers/src/stm32f446xx_spi_driver.o
 .text.SPI_RecieveData
                0x0000000000000000       0x6c drivers/src/stm32f446xx_spi_driver.o
 .text.SPI_IRQInterruptConfig
                0x0000000000000000      0x10c drivers/src/stm32f446xx_spi_driver.o
 .text.SPI_IRQPriorityConfig
                0x0000000000000000       0x54 drivers/src/stm32f446xx_spi_driver.o
 .text.SPI_SendDataIT
                0x0000000000000000       0x48 drivers/src/stm32f446xx_spi_driver.o
 .text.SPI_RecieveDataIT
                0x0000000000000000       0x48 drivers/src/stm32f446xx_spi_driver.o
 .text.SPI_IRQHandling
                0x0000000000000000       0x9a drivers/src/stm32f446xx_spi_driver.o
 .text.spi_txe_interrupt_handle
                0x0000000000000000       0x80 drivers/src/stm32f446xx_spi_driver.o
 .text.spi_rxne_interrupt_handle
                0x0000000000000000       0x7a drivers/src/stm32f446xx_spi_driver.o
 .text.spi_ovr_err_interrupt_handle
                0x0000000000000000       0x30 drivers/src/stm32f446xx_spi_driver.o
 .text.SPI_ClearOVRFlag
                0x0000000000000000       0x20 drivers/src/stm32f446xx_spi_driver.o
 .text.SPI_CloseTransmission
                0x0000000000000000       0x36 drivers/src/stm32f446xx_spi_driver.o
 .text.SPI_CloseReception
                0x0000000000000000       0x36 drivers/src/stm32f446xx_spi_driver.o
 .text.SPI_ApplicationEventCallBack
                0x0000000000000000       0x18 drivers/src/stm32f446xx_spi_driver.o
 .debug_info    0x0000000000000000      0x88e drivers/src/stm32f446xx_spi_driver.o
 .debug_abbrev  0x0000000000000000      0x1b1 drivers/src/stm32f446xx_spi_driver.o
 .debug_aranges
                0x0000000000000000       0xc0 drivers/src/stm32f446xx_spi_driver.o
 .debug_ranges  0x0000000000000000       0xb0 drivers/src/stm32f446xx_spi_driver.o
 .debug_macro   0x0000000000000000       0xbc drivers/src/stm32f446xx_spi_driver.o
 .debug_macro   0x0000000000000000      0xa66 drivers/src/stm32f446xx_spi_driver.o
 .debug_macro   0x0000000000000000       0x22 drivers/src/stm32f446xx_spi_driver.o
 .debug_macro   0x0000000000000000       0x8e drivers/src/stm32f446xx_spi_driver.o
 .debug_macro   0x0000000000000000       0x51 drivers/src/stm32f446xx_spi_driver.o
 .debug_macro   0x0000000000000000       0xef drivers/src/stm32f446xx_spi_driver.o
 .debug_macro   0x0000000000000000       0x6a drivers/src/stm32f446xx_spi_driver.o
 .debug_macro   0x0000000000000000      0x1df drivers/src/stm32f446xx_spi_driver.o
 .debug_macro   0x0000000000000000      0x174 drivers/src/stm32f446xx_spi_driver.o
 .debug_macro   0x0000000000000000      0x769 drivers/src/stm32f446xx_spi_driver.o
 .debug_macro   0x0000000000000000       0xc4 drivers/src/stm32f446xx_spi_driver.o
 .debug_macro   0x0000000000000000       0xd0 drivers/src/stm32f446xx_spi_driver.o
 .debug_macro   0x0000000000000000       0xd6 drivers/src/stm32f446xx_spi_driver.o
 .debug_macro   0x0000000000000000       0xd6 drivers/src/stm32f446xx_spi_driver.o
 .debug_line    0x0000000000000000      0x6fc drivers/src/stm32f446xx_spi_driver.o
 .debug_str     0x0000000000000000     0x6fc3 drivers/src/stm32f446xx_spi_driver.o
 .comment       0x0000000000000000       0x7c drivers/src/stm32f446xx_spi_driver.o
 .debug_frame   0x0000000000000000      0x33c drivers/src/stm32f446xx_spi_driver.o
 .ARM.attributes
                0x0000000000000000       0x39 drivers/src/stm32f446xx_spi_driver.o
 .group         0x0000000000000000        0xc drivers/src/stm32f446xx_usart_driver.o
 .group         0x0000000000000000        0xc drivers/src/stm32f446xx_usart_driver.o
 .group         0x0000000000000000        0xc drivers/src/stm32f446xx_usart_driver.o
 .group         0x0000000000000000        0xc drivers/src/stm32f446xx_usart_driver.o
 .group         0x0000000000000000        0xc drivers/src/stm32f446xx_usart_driver.o
 .group         0x0000000000000000        0xc drivers/src/stm32f446xx_usart_driver.o
 .group         0x0000000000000000        0xc drivers/src/stm32f446xx_usart_driver.o
 .group         0x0000000000000000        0xc drivers/src/stm32f446xx_usart_driver.o
 .group         0x0000000000000000        0xc drivers/src/stm32f446xx_usart_driver.o
 .group         0x0000000000000000        0xc drivers/src/stm32f446xx_usart_driver.o
 .group         0x0000000000000000        0xc drivers/src/stm32f446xx_usart_driver.o
 .group         0x0000000000000000        0xc drivers/src/stm32f446xx_usart_driver.o
 .group         0x0000000000000000        0xc drivers/src/stm32f446xx_usart_driver.o
 .text          0x0000000000000000        0x0 drivers/src/stm32f446xx_usart_driver.o
 .data          0x0000000000000000        0x0 drivers/src/stm32f446xx_usart_driver.o
 .bss           0x0000000000000000        0x0 drivers/src/stm32f446xx_usart_driver.o
 .text.USART_PeriClockControl
                0x0000000000000000      0x140 drivers/src/stm32f446xx_usart_driver.o
 .text.USART_PeripheralControl
                0x0000000000000000       0x38 drivers/src/stm32f446xx_usart_driver.o
 .text.USART_GetFlagStatus
                0x0000000000000000       0x28 drivers/src/stm32f446xx_usart_driver.o
 .text.USART_ClearFlag
                0x0000000000000000       0x26 drivers/src/stm32f446xx_usart_driver.o
 .text.USART_Init
                0x0000000000000000      0x106 drivers/src/stm32f446xx_usart_driver.o
 .text.USART_SendData
                0x0000000000000000       0x9a drivers/src/stm32f446xx_usart_driver.o
 .text.USART_ReceiveData
                0x0000000000000000       0xae drivers/src/stm32f446xx_usart_driver.o
 .text.USART_SendDataIT
                0x0000000000000000       0x5c drivers/src/stm32f446xx_usart_driver.o
 .text.USART_ReceiveDataIT
                0x0000000000000000       0x4c drivers/src/stm32f446xx_usart_driver.o
 .text.USART_SetBaudRate
                0x0000000000000000       0xe4 drivers/src/stm32f446xx_usart_driver.o
 .text.USART_IRQInterruptConfig
                0x0000000000000000      0x10c drivers/src/stm32f446xx_usart_driver.o
 .text.USART_IRQPriorityConfig
                0x0000000000000000       0x54 drivers/src/stm32f446xx_usart_driver.o
 .debug_info    0x0000000000000000      0x75c drivers/src/stm32f446xx_usart_driver.o
 .debug_abbrev  0x0000000000000000      0x1c0 drivers/src/stm32f446xx_usart_driver.o
 .debug_aranges
                0x0000000000000000       0x78 drivers/src/stm32f446xx_usart_driver.o
 .debug_ranges  0x0000000000000000       0x68 drivers/src/stm32f446xx_usart_driver.o
 .debug_macro   0x0000000000000000       0xbc drivers/src/stm32f446xx_usart_driver.o
 .debug_macro   0x0000000000000000      0xa66 drivers/src/stm32f446xx_usart_driver.o
 .debug_macro   0x0000000000000000       0x22 drivers/src/stm32f446xx_usart_driver.o
 .debug_macro   0x0000000000000000       0x8e drivers/src/stm32f446xx_usart_driver.o
 .debug_macro   0x0000000000000000       0x51 drivers/src/stm32f446xx_usart_driver.o
 .debug_macro   0x0000000000000000       0xef drivers/src/stm32f446xx_usart_driver.o
 .debug_macro   0x0000000000000000       0x6a drivers/src/stm32f446xx_usart_driver.o
 .debug_macro   0x0000000000000000      0x1df drivers/src/stm32f446xx_usart_driver.o
 .debug_macro   0x0000000000000000      0x174 drivers/src/stm32f446xx_usart_driver.o
 .debug_macro   0x0000000000000000      0x769 drivers/src/stm32f446xx_usart_driver.o
 .debug_macro   0x0000000000000000       0xc4 drivers/src/stm32f446xx_usart_driver.o
 .debug_macro   0x0000000000000000       0xd0 drivers/src/stm32f446xx_usart_driver.o
 .debug_macro   0x0000000000000000       0xd6 drivers/src/stm32f446xx_usart_driver.o
 .debug_macro   0x0000000000000000       0xd6 drivers/src/stm32f446xx_usart_driver.o
 .debug_line    0x0000000000000000      0x666 drivers/src/stm32f446xx_usart_driver.o
 .debug_str     0x0000000000000000     0x6f96 drivers/src/stm32f446xx_usart_driver.o
 .comment       0x0000000000000000       0x7c drivers/src/stm32f446xx_usart_driver.o
 .debug_frame   0x0000000000000000      0x1e0 drivers/src/stm32f446xx_usart_driver.o
 .ARM.attributes
                0x0000000000000000       0x39 drivers/src/stm32f446xx_usart_driver.o
 .text          0x0000000000000000        0x0 c:/st/stm32cubeide_1.5.0/stm32cubeide/plugins/com.st.stm32cube.ide.mcu.externaltools.gnu-tools-for-stm32.7-2018-q2-update.win32_1.5.0.202011040924/tools/bin/../lib/gcc/arm-none-eabi/7.3.1/../../../../arm-none-eabi/lib/thumb/v7e-m/fpv4-sp/hard\libc_nano.a(lib_a-errno.o)
 .data          0x0000000000000000        0x0 c:/st/stm32cubeide_1.5.0/stm32cubeide/plugins/com.st.stm32cube.ide.mcu.externaltools.gnu-tools-for-stm32.7-2018-q2-update.win32_1.5.0.202011040924/tools/bin/../lib/gcc/arm-none-eabi/7.3.1/../../../../arm-none-eabi/lib/thumb/v7e-m/fpv4-sp/hard\libc_nano.a(lib_a-errno.o)
 .bss           0x0000000000000000        0x0 c:/st/stm32cubeide_1.5.0/stm32cubeide/plugins/com.st.stm32cube.ide.mcu.externaltools.gnu-tools-for-stm32.7-2018-q2-update.win32_1.5.0.202011040924/tools/bin/../lib/gcc/arm-none-eabi/7.3.1/../../../../arm-none-eabi/lib/thumb/v7e-m/fpv4-sp/hard\libc_nano.a(lib_a-errno.o)
 .text.__errno  0x0000000000000000        0xc c:/st/stm32cubeide_1.5.0/stm32cubeide/plugins/com.st.stm32cube.ide.mcu.externaltools.gnu-tools-for-stm32.7-2018-q2-update.win32_1.5.0.202011040924/tools/bin/../lib/gcc/arm-none-eabi/7.3.1/../../../../arm-none-eabi/lib/thumb/v7e-m/fpv4-sp/hard\libc_nano.a(lib_a-errno.o)
 .debug_frame   0x0000000000000000       0x20 c:/st/stm32cubeide_1.5.0/stm32cubeide/plugins/com.st.stm32cube.ide.mcu.externaltools.gnu-tools-for-stm32.7-2018-q2-update.win32_1.5.0.202011040924/tools/bin/../lib/gcc/arm-none-eabi/7.3.1/../../../../arm-none-eabi/lib/thumb/v7e-m/fpv4-sp/hard\libc_nano.a(lib_a-errno.o)
 .ARM.attributes
                0x0000000000000000       0x34 c:/st/stm32cubeide_1.5.0/stm32cubeide/plugins/com.st.stm32cube.ide.mcu.externaltools.gnu-tools-for-stm32.7-2018-q2-update.win32_1.5.0.202011040924/tools/bin/../lib/gcc/arm-none-eabi/7.3.1/../../../../arm-none-eabi/lib/thumb/v7e-m/fpv4-sp/hard\libc_nano.a(lib_a-errno.o)
 .text          0x0000000000000000        0x0 c:/st/stm32cubeide_1.5.0/stm32cubeide/plugins/com.st.stm32cube.ide.mcu.externaltools.gnu-tools-for-stm32.7-2018-q2-update.win32_1.5.0.202011040924/tools/bin/../lib/gcc/arm-none-eabi/7.3.1/../../../../arm-none-eabi/lib/thumb/v7e-m/fpv4-sp/hard\libc_nano.a(lib_a-exit.o)
 .data          0x0000000000000000        0x0 c:/st/stm32cubeide_1.5.0/stm32cubeide/plugins/com.st.stm32cube.ide.mcu.externaltools.gnu-tools-for-stm32.7-2018-q2-update.win32_1.5.0.202011040924/tools/bin/../lib/gcc/arm-none-eabi/7.3.1/../../../../arm-none-eabi/lib/thumb/v7e-m/fpv4-sp/hard\libc_nano.a(lib_a-exit.o)
 .bss           0x0000000000000000        0x0 c:/st/stm32cubeide_1.5.0/stm32cubeide/plugins/com.st.stm32cube.ide.mcu.externaltools.gnu-tools-for-stm32.7-2018-q2-update.win32_1.5.0.202011040924/tools/bin/../lib/gcc/arm-none-eabi/7.3.1/../../../../arm-none-eabi/lib/thumb/v7e-m/fpv4-sp/hard\libc_nano.a(lib_a-exit.o)
 .text.exit     0x0000000000000000       0x28 c:/st/stm32cubeide_1.5.0/stm32cubeide/plugins/com.st.stm32cube.ide.mcu.externaltools.gnu-tools-for-stm32.7-2018-q2-update.win32_1.5.0.202011040924/tools/bin/../lib/gcc/arm-none-eabi/7.3.1/../../../../arm-none-eabi/lib/thumb/v7e-m/fpv4-sp/hard\libc_nano.a(lib_a-exit.o)
 .debug_frame   0x0000000000000000       0x28 c:/st/stm32cubeide_1.5.0/stm32cubeide/plugins/com.st.stm32cube.ide.mcu.externaltools.gnu-tools-for-stm32.7-2018-q2-update.win32_1.5.0.202011040924/tools/bin/../lib/gcc/arm-none-eabi/7.3.1/../../../../arm-none-eabi/lib/thumb/v7e-m/fpv4-sp/hard\libc_nano.a(lib_a-exit.o)
 .ARM.attributes
                0x0000000000000000       0x34 c:/st/stm32cubeide_1.5.0/stm32cubeide/plugins/com.st.stm32cube.ide.mcu.externaltools.gnu-tools-for-stm32.7-2018-q2-update.win32_1.5.0.202011040924/tools/bin/../lib/gcc/arm-none-eabi/7.3.1/../../../../arm-none-eabi/lib/thumb/v7e-m/fpv4-sp/hard\libc_nano.a(lib_a-exit.o)
 .text          0x0000000000000000        0x0 c:/st/stm32cubeide_1.5.0/stm32cubeide/plugins/com.st.stm32cube.ide.mcu.externaltools.gnu-tools-for-stm32.7-2018-q2-update.win32_1.5.0.202011040924/tools/bin/../lib/gcc/arm-none-eabi/7.3.1/../../../../arm-none-eabi/lib/thumb/v7e-m/fpv4-sp/hard\libc_nano.a(lib_a-impure.o)
 .data          0x0000000000000000        0x0 c:/st/stm32cubeide_1.5.0/stm32cubeide/plugins/com.st.stm32cube.ide.mcu.externaltools.gnu-tools-for-stm32.7-2018-q2-update.win32_1.5.0.202011040924/tools/bin/../lib/gcc/arm-none-eabi/7.3.1/../../../../arm-none-eabi/lib/thumb/v7e-m/fpv4-sp/hard\libc_nano.a(lib_a-impure.o)
 .bss           0x0000000000000000        0x0 c:/st/stm32cubeide_1.5.0/stm32cubeide/plugins/com.st.stm32cube.ide.mcu.externaltools.gnu-tools-for-stm32.7-2018-q2-update.win32_1.5.0.202011040924/tools/bin/../lib/gcc/arm-none-eabi/7.3.1/../../../../arm-none-eabi/lib/thumb/v7e-m/fpv4-sp/hard\libc_nano.a(lib_a-impure.o)
 .data._impure_ptr
                0x0000000000000000        0x4 c:/st/stm32cubeide_1.5.0/stm32cubeide/plugins/com.st.stm32cube.ide.mcu.externaltools.gnu-tools-for-stm32.7-2018-q2-update.win32_1.5.0.202011040924/tools/bin/../lib/gcc/arm-none-eabi/7.3.1/../../../../arm-none-eabi/lib/thumb/v7e-m/fpv4-sp/hard\libc_nano.a(lib_a-impure.o)
 .data.impure_data
                0x0000000000000000       0x60 c:/st/stm32cubeide_1.5.0/stm32cubeide/plugins/com.st.stm32cube.ide.mcu.externaltools.gnu-tools-for-stm32.7-2018-q2-update.win32_1.5.0.202011040924/tools/bin/../lib/gcc/arm-none-eabi/7.3.1/../../../../arm-none-eabi/lib/thumb/v7e-m/fpv4-sp/hard\libc_nano.a(lib_a-impure.o)
 .rodata._global_impure_ptr
                0x0000000000000000        0x4 c:/st/stm32cubeide_1.5.0/stm32cubeide/plugins/com.st.stm32cube.ide.mcu.externaltools.gnu-tools-for-stm32.7-2018-q2-update.win32_1.5.0.202011040924/tools/bin/../lib/gcc/arm-none-eabi/7.3.1/../../../../arm-none-eabi/lib/thumb/v7e-m/fpv4-sp/hard\libc_nano.a(lib_a-impure.o)
 .ARM.attributes
                0x0000000000000000       0x34 c:/st/stm32cubeide_1.5.0/stm32cubeide/plugins/com.st.stm32cube.ide.mcu.externaltools.gnu-tools-for-stm32.7-2018-q2-update.win32_1.5.0.202011040924/tools/bin/../lib/gcc/arm-none-eabi/7.3.1/../../../../arm-none-eabi/lib/thumb/v7e-m/fpv4-sp/hard\libc_nano.a(lib_a-impure.o)
 .text          0x0000000000000000        0x0 c:/st/stm32cubeide_1.5.0/stm32cubeide/plugins/com.st.stm32cube.ide.mcu.externaltools.gnu-tools-for-stm32.7-2018-q2-update.win32_1.5.0.202011040924/tools/bin/../lib/gcc/arm-none-eabi/7.3.1/../../../../arm-none-eabi/lib/thumb/v7e-m/fpv4-sp/hard\libc_nano.a(lib_a-init.o)
 .data          0x0000000000000000        0x0 c:/st/stm32cubeide_1.5.0/stm32cubeide/plugins/com.st.stm32cube.ide.mcu.externaltools.gnu-tools-for-stm32.7-2018-q2-update.win32_1.5.0.202011040924/tools/bin/../lib/gcc/arm-none-eabi/7.3.1/../../../../arm-none-eabi/lib/thumb/v7e-m/fpv4-sp/hard\libc_nano.a(lib_a-init.o)
 .bss           0x0000000000000000        0x0 c:/st/stm32cubeide_1.5.0/stm32cubeide/plugins/com.st.stm32cube.ide.mcu.externaltools.gnu-tools-for-stm32.7-2018-q2-update.win32_1.5.0.202011040924/tools/bin/../lib/gcc/arm-none-eabi/7.3.1/../../../../arm-none-eabi/lib/thumb/v7e-m/fpv4-sp/hard\libc_nano.a(lib_a-init.o)
 .text          0x0000000000000000        0x0 c:/st/stm32cubeide_1.5.0/stm32cubeide/plugins/com.st.stm32cube.ide.mcu.externaltools.gnu-tools-for-stm32.7-2018-q2-update.win32_1.5.0.202011040924/tools/bin/../lib/gcc/arm-none-eabi/7.3.1/../../../../arm-none-eabi/lib/thumb/v7e-m/fpv4-sp/hard\libc_nano.a(lib_a-memset.o)
 .data          0x0000000000000000        0x0 c:/st/stm32cubeide_1.5.0/stm32cubeide/plugins/com.st.stm32cube.ide.mcu.externaltools.gnu-tools-for-stm32.7-2018-q2-update.win32_1.5.0.202011040924/tools/bin/../lib/gcc/arm-none-eabi/7.3.1/../../../../arm-none-eabi/lib/thumb/v7e-m/fpv4-sp/hard\libc_nano.a(lib_a-memset.o)
 .bss           0x0000000000000000        0x0 c:/st/stm32cubeide_1.5.0/stm32cubeide/plugins/com.st.stm32cube.ide.mcu.externaltools.gnu-tools-for-stm32.7-2018-q2-update.win32_1.5.0.202011040924/tools/bin/../lib/gcc/arm-none-eabi/7.3.1/../../../../arm-none-eabi/lib/thumb/v7e-m/fpv4-sp/hard\libc_nano.a(lib_a-memset.o)
 .text.memset   0x0000000000000000       0x10 c:/st/stm32cubeide_1.5.0/stm32cubeide/plugins/com.st.stm32cube.ide.mcu.externaltools.gnu-tools-for-stm32.7-2018-q2-update.win32_1.5.0.202011040924/tools/bin/../lib/gcc/arm-none-eabi/7.3.1/../../../../arm-none-eabi/lib/thumb/v7e-m/fpv4-sp/hard\libc_nano.a(lib_a-memset.o)
 .debug_frame   0x0000000000000000       0x20 c:/st/stm32cubeide_1.5.0/stm32cubeide/plugins/com.st.stm32cube.ide.mcu.externaltools.gnu-tools-for-stm32.7-2018-q2-update.win32_1.5.0.202011040924/tools/bin/../lib/gcc/arm-none-eabi/7.3.1/../../../../arm-none-eabi/lib/thumb/v7e-m/fpv4-sp/hard\libc_nano.a(lib_a-memset.o)
 .ARM.attributes
                0x0000000000000000       0x34 c:/st/stm32cubeide_1.5.0/stm32cubeide/plugins/com.st.stm32cube.ide.mcu.externaltools.gnu-tools-for-stm32.7-2018-q2-update.win32_1.5.0.202011040924/tools/bin/../lib/gcc/arm-none-eabi/7.3.1/../../../../arm-none-eabi/lib/thumb/v7e-m/fpv4-sp/hard\libc_nano.a(lib_a-memset.o)
 .text          0x0000000000000000        0x0 c:/st/stm32cubeide_1.5.0/stm32cubeide/plugins/com.st.stm32cube.ide.mcu.externaltools.gnu-tools-for-stm32.7-2018-q2-update.win32_1.5.0.202011040924/tools/bin/../lib/gcc/arm-none-eabi/7.3.1/thumb/v7e-m/fpv4-sp/hard/crtend.o
 .data          0x0000000000000000        0x0 c:/st/stm32cubeide_1.5.0/stm32cubeide/plugins/com.st.stm32cube.ide.mcu.externaltools.gnu-tools-for-stm32.7-2018-q2-update.win32_1.5.0.202011040924/tools/bin/../lib/gcc/arm-none-eabi/7.3.1/thumb/v7e-m/fpv4-sp/hard/crtend.o
 .bss           0x0000000000000000        0x0 c:/st/stm32cubeide_1.5.0/stm32cubeide/plugins/com.st.stm32cube.ide.mcu.externaltools.gnu-tools-for-stm32.7-2018-q2-update.win32_1.5.0.202011040924/tools/bin/../lib/gcc/arm-none-eabi/7.3.1/thumb/v7e-m/fpv4-sp/hard/crtend.o
 .eh_frame      0x0000000000000000        0x4 c:/st/stm32cubeide_1.5.0/stm32cubeide/plugins/com.st.stm32cube.ide.mcu.externaltools.gnu-tools-for-stm32.7-2018-q2-update.win32_1.5.0.202011040924/tools/bin/../lib/gcc/arm-none-eabi/7.3.1/thumb/v7e-m/fpv4-sp/hard/crtend.o
 .ARM.attributes
                0x0000000000000000       0x34 c:/st/stm32cubeide_1.5.0/stm32cubeide/plugins/com.st.stm32cube.ide.mcu.externaltools.gnu-tools-for-stm32.7-2018-q2-update.win32_1.5.0.202011040924/tools/bin/../lib/gcc/arm-none-eabi/7.3.1/thumb/v7e-m/fpv4-sp/hard/crtend.o
 .text          0x0000000000000000        0x0 c:/st/stm32cubeide_1.5.0/stm32cubeide/plugins/com.st.stm32cube.ide.mcu.externaltools.gnu-tools-for-stm32.7-2018-q2-update.win32_1.5.0.202011040924/tools/bin/../lib/gcc/arm-none-eabi/7.3.1/thumb/v7e-m/fpv4-sp/hard/crtn.o
 .data          0x0000000000000000        0x0 c:/st/stm32cubeide_1.5.0/stm32cubeide/plugins/com.st.stm32cube.ide.mcu.externaltools.gnu-tools-for-stm32.7-2018-q2-update.win32_1.5.0.202011040924/tools/bin/../lib/gcc/arm-none-eabi/7.3.1/thumb/v7e-m/fpv4-sp/hard/crtn.o
 .bss           0x0000000000000000        0x0 c:/st/stm32cubeide_1.5.0/stm32cubeide/plugins/com.st.stm32cube.ide.mcu.externaltools.gnu-tools-for-stm32.7-2018-q2-update.win32_1.5.0.202011040924/tools/bin/../lib/gcc/arm-none-eabi/7.3.1/thumb/v7e-m/fpv4-sp/hard/crtn.o

Memory Configuration

Name             Origin             Length             Attributes
RAM              0x0000000020000000 0x0000000000020000 xrw
FLASH            0x0000000008000000 0x0000000000080000 xr
*default*        0x0000000000000000 0xffffffffffffffff

Linker script and memory map

LOAD c:/st/stm32cubeide_1.5.0/stm32cubeide/plugins/com.st.stm32cube.ide.mcu.externaltools.gnu-tools-for-stm32.7-2018-q2-update.win32_1.5.0.202011040924/tools/bin/../lib/gcc/arm-none-eabi/7.3.1/thumb/v7e-m/fpv4-sp/hard/crti.o
LOAD c:/st/stm32cubeide_1.5.0/stm32cubeide/plugins/com.st.stm32cube.ide.mcu.externaltools.gnu-tools-for-stm32.7-2018-q2-update.win32_1.5.0.202011040924/tools/bin/../lib/gcc/arm-none-eabi/7.3.1/thumb/v7e-m/fpv4-sp/hard/crtbegin.o
LOAD c:/st/stm32cubeide_1.5.0/stm32cubeide/plugins/com.st.stm32cube.ide.mcu.externaltools.gnu-tools-for-stm32.7-2018-q2-update.win32_1.5.0.202011040924/tools/bin/../lib/gcc/arm-none-eabi/7.3.1/../../../../arm-none-eabi/lib/thumb/v7e-m/fpv4-sp/hard/crt0.o
LOAD Src/MPU6050.o
LOAD Src/syscalls.o
LOAD Startup/startup_stm32f446retx.o
LOAD Startup/sysmem.o
LOAD drivers/src/stm32f446xx_gpio.o
LOAD drivers/src/stm32f446xx_i2c_driver.o
LOAD drivers/src/stm32f446xx_rcc_driver.o
LOAD drivers/src/stm32f446xx_spi_driver.o
LOAD drivers/src/stm32f446xx_usart_driver.o
START GROUP
LOAD c:/st/stm32cubeide_1.5.0/stm32cubeide/plugins/com.st.stm32cube.ide.mcu.externaltools.gnu-tools-for-stm32.7-2018-q2-update.win32_1.5.0.202011040924/tools/bin/../lib/gcc/arm-none-eabi/7.3.1/../../../../arm-none-eabi/lib/thumb/v7e-m/fpv4-sp/hard\libc_nano.a
LOAD c:/st/stm32cubeide_1.5.0/stm32cubeide/plugins/com.st.stm32cube.ide.mcu.externaltools.gnu-tools-for-stm32.7-2018-q2-update.win32_1.5.0.202011040924/tools/bin/../lib/gcc/arm-none-eabi/7.3.1/../../../../arm-none-eabi/lib/thumb/v7e-m/fpv4-sp/hard\libm.a
END GROUP
START GROUP
LOAD c:/st/stm32cubeide_1.5.0/stm32cubeide/plugins/com.st.stm32cube.ide.mcu.externaltools.gnu-tools-for-stm32.7-2018-q2-update.win32_1.5.0.202011040924/tools/bin/../lib/gcc/arm-none-eabi/7.3.1/thumb/v7e-m/fpv4-sp/hard\libgcc.a
LOAD c:/st/stm32cubeide_1.5.0/stm32cubeide/plugins/com.st.stm32cube.ide.mcu.externaltools.gnu-tools-for-stm32.7-2018-q2-update.win32_1.5.0.202011040924/tools/bin/../lib/gcc/arm-none-eabi/7.3.1/../../../../arm-none-eabi/lib/thumb/v7e-m/fpv4-sp/hard\libc_nano.a
END GROUP
START GROUP
LOAD c:/st/stm32cubeide_1.5.0/stm32cubeide/plugins/com.st.stm32cube.ide.mcu.externaltools.gnu-tools-for-stm32.7-2018-q2-update.win32_1.5.0.202011040924/tools/bin/../lib/gcc/arm-none-eabi/7.3.1/thumb/v7e-m/fpv4-sp/hard\libgcc.a
LOAD c:/st/stm32cubeide_1.5.0/stm32cubeide/plugins/com.st.stm32cube.ide.mcu.externaltools.gnu-tools-for-stm32.7-2018-q2-update.win32_1.5.0.202011040924/tools/bin/../lib/gcc/arm-none-eabi/7.3.1/../../../../arm-none-eabi/lib/thumb/v7e-m/fpv4-sp/hard\libc_nano.a
LOAD c:/st/stm32cubeide_1.5.0/stm32cubeide/plugins/com.st.stm32cube.ide.mcu.externaltools.gnu-tools-for-stm32.7-2018-q2-update.win32_1.5.0.202011040924/tools/bin/../lib/gcc/arm-none-eabi/7.3.1/../../../../arm-none-eabi/lib/thumb/v7e-m/fpv4-sp/hard\libnosys.a
END GROUP
START GROUP
LOAD c:/st/stm32cubeide_1.5.0/stm32cubeide/plugins/com.st.stm32cube.ide.mcu.externaltools.gnu-tools-for-stm32.7-2018-q2-update.win32_1.5.0.202011040924/tools/bin/../lib/gcc/arm-none-eabi/7.3.1/thumb/v7e-m/fpv4-sp/hard\libgcc.a
LOAD c:/st/stm32cubeide_1.5.0/stm32cubeide/plugins/com.st.stm32cube.ide.mcu.externaltools.gnu-tools-for-stm32.7-2018-q2-update.win32_1.5.0.202011040924/tools/bin/../lib/gcc/arm-none-eabi/7.3.1/../../../../arm-none-eabi/lib/thumb/v7e-m/fpv4-sp/hard\libc_nano.a
LOAD c:/st/stm32cubeide_1.5.0/stm32cubeide/plugins/com.st.stm32cube.ide.mcu.externaltools.gnu-tools-for-stm32.7-2018-q2-update.win32_1.5.0.202011040924/tools/bin/../lib/gcc/arm-none-eabi/7.3.1/../../../../arm-none-eabi/lib/thumb/v7e-m/fpv4-sp/hard\libnosys.a
END GROUP
LOAD c:/st/stm32cubeide_1.5.0/stm32cubeide/plugins/com.st.stm32cube.ide.mcu.externaltools.gnu-tools-for-stm32.7-2018-q2-update.win32_1.5.0.202011040924/tools/bin/../lib/gcc/arm-none-eabi/7.3.1/thumb/v7e-m/fpv4-sp/hard/crtend.o
LOAD c:/st/stm32cubeide_1.5.0/stm32cubeide/plugins/com.st.stm32cube.ide.mcu.externaltools.gnu-tools-for-stm32.7-2018-q2-update.win32_1.5.0.202011040924/tools/bin/../lib/gcc/arm-none-eabi/7.3.1/thumb/v7e-m/fpv4-sp/hard/crtn.o
                0x0000000020020000                _estack = (ORIGIN (RAM) + LENGTH (RAM))
                0x0000000000000200                _Min_Heap_Size = 0x200
                0x0000000000000400                _Min_Stack_Size = 0x400

.isr_vector     0x0000000008000000      0x1c4
                0x0000000008000000                . = ALIGN (0x4)
 *(.isr_vector)
 .isr_vector    0x0000000008000000      0x1c4 Startup/startup_stm32f446retx.o
                0x0000000008000000                g_pfnVectors
                0x00000000080001c4                . = ALIGN (0x4)

.text           0x00000000080001c4      0xba0
                0x00000000080001c4                . = ALIGN (0x4)
 *(.text)
 .text          0x00000000080001c4       0x40 c:/st/stm32cubeide_1.5.0/stm32cubeide/plugins/com.st.stm32cube.ide.mcu.externaltools.gnu-tools-for-stm32.7-2018-q2-update.win32_1.5.0.202011040924/tools/bin/../lib/gcc/arm-none-eabi/7.3.1/thumb/v7e-m/fpv4-sp/hard/crtbegin.o
 *(.text*)
 .text.I2C1_GPIOInits
                0x0000000008000204       0x44 Src/MPU6050.o
                0x0000000008000204                I2C1_GPIOInits
 .text.I2C1_Inits
                0x0000000008000248       0x38 Src/MPU6050.o
                0x0000000008000248                I2C1_Inits
 .text.main     0x0000000008000280       0x6c Src/MPU6050.o
                0x0000000008000280                main
 .text.Reset_Handler
                0x00000000080002ec       0x50 Startup/startup_stm32f446retx.o
                0x00000000080002ec                Reset_Handler
 .text.Default_Handler
                0x000000000800033c        0x2 Startup/startup_stm32f446retx.o
                0x000000000800033c                RTC_Alarm_IRQHandler
                0x000000000800033c                EXTI2_IRQHandler
                0x000000000800033c                TIM8_CC_IRQHandler
                0x000000000800033c                SPDIF_Rx_IRQHandler
                0x000000000800033c                DebugMon_Handler
                0x000000000800033c                SPI4_IRQHandler
                0x000000000800033c                TIM1_CC_IRQHandler
                0x000000000800033c                QuadSPI_IRQHandler
                0x000000000800033c                DMA2_Stream5_IRQHandler
                0x000000000800033c                HardFault_Handler
                0x000000000800033c                DMA1_Stream5_IRQHandler
                0x000000000800033c                SysTick_Handler
                0x000000000800033c                PVD_IRQHandler
                0x000000000800033c                SDIO_IRQHandler
                0x000000000800033c                TAMP_STAMP_IRQHandler
                0x000000000800033c                PendSV_Handler
                0x000000000800033c                NMI_Handler
                0x000000000800033c                CAN2_RX1_IRQHandler
                0x000000000800033c                EXTI3_IRQHandler
                0x000000000800033c                TIM8_TRG_COM_TIM14_IRQHandler
                0x000000000800033c                TIM1_UP_TIM10_IRQHandler
                0x000000000800033c                FMPI2C1_error_IRQHandler
                0x000000000800033c                TIM8_UP_TIM13_IRQHandler
                0x000000000800033c                I2C3_ER_IRQHandler
                0x000000000800033c                EXTI0_IRQHandler
                0x000000000800033c                I2C2_EV_IRQHandler
                0x000000000800033c                DMA1_Stream2_IRQHandler
                0x000000000800033c                CAN1_RX0_IRQHandler
                0x000000000800033c                FPU_IRQHandler
                0x000000000800033c                OTG_HS_WKUP_IRQHandler
                0x000000000800033c                UsageFault_Handler
                0x000000000800033c                CAN2_SCE_IRQHandler
                0x000000000800033c                DMA2_Stream2_IRQHandler
                0x000000000800033c                SPI1_IRQHandler
                0x000000000800033c                TIM6_DAC_IRQHandler
                0x000000000800033c                TIM1_BRK_TIM9_IRQHandler
                0x000000000800033c                DCMI_IRQHandler
                0x000000000800033c                CAN2_RX0_IRQHandler
                0x000000000800033c                DMA2_Stream3_IRQHandler
                0x000000000800033c                FMPI2C1_IRQHandler
                0x000000000800033c                SAI2_IRQHandler
                0x000000000800033c                USART6_IRQHandler
                0x000000000800033c                USART3_IRQHandler
                0x000000000800033c                CAN1_RX1_IRQHandler
                0x000000000800033c                UART5_IRQHandler
                0x000000000800033c                DMA2_Stream0_IRQHandler
                0x000000000800033c                TIM4_IRQHandler
                0x000000000800033c                I2C1_EV_IRQHandler
                0x000000000800033c                HDMI_CEC_IRQHandler
                0x000000000800033c                DMA1_Stream6_IRQHandler
                0x000000000800033c                DMA1_Stream1_IRQHandler
                0x000000000800033c                UART4_IRQHandler
                0x000000000800033c                TIM3_IRQHandler
                0x000000000800033c                RCC_IRQHandler
                0x000000000800033c                TIM8_BRK_TIM12_IRQHandler
                0x000000000800033c                Default_Handler
                0x000000000800033c                EXTI15_10_IRQHandler
                0x000000000800033c                ADC_IRQHandler
                0x000000000800033c                DMA1_Stream7_IRQHandler
                0x000000000800033c                TIM7_IRQHandler
                0x000000000800033c                CAN2_TX_IRQHandler
                0x000000000800033c                TIM5_IRQHandler
                0x000000000800033c                DMA2_Stream7_IRQHandler
                0x000000000800033c                I2C3_EV_IRQHandler
                0x000000000800033c                EXTI9_5_IRQHandler
                0x000000000800033c                RTC_WKUP_IRQHandler
                0x000000000800033c                SPI2_IRQHandler
                0x000000000800033c                OTG_HS_EP1_IN_IRQHandler
                0x000000000800033c                MemManage_Handler
                0x000000000800033c                DMA1_Stream0_IRQHandler
                0x000000000800033c                CAN1_TX_IRQHandler
                0x000000000800033c                SVC_Handler
                0x000000000800033c                EXTI4_IRQHandler
                0x000000000800033c                OTG_HS_EP1_OUT_IRQHandler
                0x000000000800033c                WWDG_IRQHandler
                0x000000000800033c                TIM2_IRQHandler
                0x000000000800033c                OTG_FS_WKUP_IRQHandler
                0x000000000800033c                TIM1_TRG_COM_TIM11_IRQHandler
                0x000000000800033c                OTG_HS_IRQHandler
                0x000000000800033c                EXTI1_IRQHandler
                0x000000000800033c                USART2_IRQHandler
                0x000000000800033c                I2C2_ER_IRQHandler
                0x000000000800033c                DMA2_Stream1_IRQHandler
                0x000000000800033c                CAN1_SCE_IRQHandler
                0x000000000800033c                FLASH_IRQHandler
                0x000000000800033c                DMA2_Stream4_IRQHandler
                0x000000000800033c                BusFault_Handler
                0x000000000800033c                USART1_IRQHandler
                0x000000000800033c                OTG_FS_IRQHandler
                0x000000000800033c                SPI3_IRQHandler
                0x000000000800033c                DMA1_Stream4_IRQHandler
                0x000000000800033c                I2C1_ER_IRQHandler
                0x000000000800033c                FMC_IRQHandler
                0x000000000800033c                DMA2_Stream6_IRQHandler
                0x000000000800033c                SAI1_IRQHandler
                0x000000000800033c                DMA1_Stream3_IRQHandler
 *fill*         0x000000000800033e        0x2 
 .text.GPIO_PeriClockControl
                0x0000000008000340      0x1a0 drivers/src/stm32f446xx_gpio.o
                0x0000000008000340                GPIO_PeriClockControl
 .text.GPIO_Init
                0x00000000080004e0      0x318 drivers/src/stm32f446xx_gpio.o
                0x00000000080004e0                GPIO_Init
 .text.I2C_GenerateStartCondition
                0x00000000080007f8       0x20 drivers/src/stm32f446xx_i2c_driver.o
 .text.I2C_ExecuteAddressPhaseWrite
                0x0000000008000818       0x2c drivers/src/stm32f446xx_i2c_driver.o
 .text.I2C_ClearADDRFlag
                0x0000000008000844       0x6e drivers/src/stm32f446xx_i2c_driver.o
 .text.I2C_GenerateStopCondition
                0x00000000080008b2       0x20 drivers/src/stm32f446xx_i2c_driver.o
                0x00000000080008b2                I2C_GenerateStopCondition
 .text.I2C_ManageAcking
                0x00000000080008d2       0x38 drivers/src/stm32f446xx_i2c_driver.o
                0x00000000080008d2                I2C_ManageAcking
 .text.I2C_PeripheralControl
                0x000000000800090a       0x38 drivers/src/stm32f446xx_i2c_driver.o
                0x000000000800090a                I2C_PeripheralControl
 *fill*         0x0000000008000942        0x2 
 .text.I2C_PeriClockControl
                0x0000000008000944       0xb0 drivers/src/stm32f446xx_i2c_driver.o
                0x0000000008000944                I2C_PeriClockControl
 .text.I2C_Init
                0x00000000080009f4      0x164 drivers/src/stm32f446xx_i2c_driver.o
                0x00000000080009f4                I2C_Init
 .text.I2C_MasterSendData
                0x0000000008000b58       0xc6 drivers/src/stm32f446xx_i2c_driver.o
                0x0000000008000b58                I2C_MasterSendData
 .text.I2C_GetFlagStatus
                0x0000000008000c1e       0x28 drivers/src/stm32f446xx_i2c_driver.o
                0x0000000008000c1e                I2C_GetFlagStatus
 *fill*         0x0000000008000c46        0x2 
 .text.RCC_GetPCLK1Value
                0x0000000008000c48       0xac drivers/src/stm32f446xx_rcc_driver.o
                0x0000000008000c48                RCC_GetPCLK1Value
 .text.RCC_GetPLLOutputClock
                0x0000000008000cf4       0x10 drivers/src/stm32f446xx_rcc_driver.o
                0x0000000008000cf4                RCC_GetPLLOutputClock
 .text.__libc_init_array
                0x0000000008000d04       0x48 c:/st/stm32cubeide_1.5.0/stm32cubeide/plugins/com.st.stm32cube.ide.mcu.externaltools.gnu-tools-for-stm32.7-2018-q2-update.win32_1.5.0.202011040924/tools/bin/../lib/gcc/arm-none-eabi/7.3.1/../../../../arm-none-eabi/lib/thumb/v7e-m/fpv4-sp/hard\libc_nano.a(lib_a-init.o)
                0x0000000008000d04                __libc_init_array
 *(.glue_7)
 .glue_7        0x0000000008000d4c        0x0 linker stubs
 *(.glue_7t)
 .glue_7t       0x0000000008000d4c        0x0 linker stubs
 *(.eh_frame)
 .eh_frame      0x0000000008000d4c        0x0 c:/st/stm32cubeide_1.5.0/stm32cubeide/plugins/com.st.stm32cube.ide.mcu.externaltools.gnu-tools-for-stm32.7-2018-q2-update.win32_1.5.0.202011040924/tools/bin/../lib/gcc/arm-none-eabi/7.3.1/thumb/v7e-m/fpv4-sp/hard/crtbegin.o
 *(.init)
 .init          0x0000000008000d4c        0x4 c:/st/stm32cubeide_1.5.0/stm32cubeide/plugins/com.st.stm32cube.ide.mcu.externaltools.gnu-tools-for-stm32.7-2018-q2-update.win32_1.5.0.202011040924/tools/bin/../lib/gcc/arm-none-eabi/7.3.1/thumb/v7e-m/fpv4-sp/hard/crti.o
                0x0000000008000d4c                _init
 .init          0x0000000008000d50        0x8 c:/st/stm32cubeide_1.5.0/stm32cubeide/plugins/com.st.stm32cube.ide.mcu.externaltools.gnu-tools-for-stm32.7-2018-q2-update.win32_1.5.0.202011040924/tools/bin/../lib/gcc/arm-none-eabi/7.3.1/thumb/v7e-m/fpv4-sp/hard/crtn.o
 *(.fini)
 .fini          0x0000000008000d58        0x4 c:/st/stm32cubeide_1.5.0/stm32cubeide/plugins/com.st.stm32cube.ide.mcu.externaltools.gnu-tools-for-stm32.7-2018-q2-update.win32_1.5.0.202011040924/tools/bin/../lib/gcc/arm-none-eabi/7.3.1/thumb/v7e-m/fpv4-sp/hard/crti.o
                0x0000000008000d58                _fini
 .fini          0x0000000008000d5c        0x8 c:/st/stm32cubeide_1.5.0/stm32cubeide/plugins/com.st.stm32cube.ide.mcu.externaltools.gnu-tools-for-stm32.7-2018-q2-update.win32_1.5.0.202011040924/tools/bin/../lib/gcc/arm-none-eabi/7.3.1/thumb/v7e-m/fpv4-sp/hard/crtn.o
                0x0000000008000d64                . = ALIGN (0x4)
                0x0000000008000d64                _etext = .

.vfp11_veneer   0x0000000008000d64        0x0
 .vfp11_veneer  0x0000000008000d64        0x0 linker stubs

.v4_bx          0x0000000008000d64        0x0
 .v4_bx         0x0000000008000d64        0x0 linker stubs

.iplt           0x0000000008000d64        0x0
 .iplt          0x0000000008000d64        0x0 c:/st/stm32cubeide_1.5.0/stm32cubeide/plugins/com.st.stm32cube.ide.mcu.externaltools.gnu-tools-for-stm32.7-2018-q2-update.win32_1.5.0.202011040924/tools/bin/../lib/gcc/arm-none-eabi/7.3.1/thumb/v7e-m/fpv4-sp/hard/crtbegin.o

.rel.dyn        0x0000000008000d64        0x0
 .rel.iplt      0x0000000008000d64        0x0 c:/st/stm32cubeide_1.5.0/stm32cubeide/plugins/com.st.stm32cube.ide.mcu.externaltools.gnu-tools-for-stm32.7-2018-q2-update.win32_1.5.0.202011040924/tools/bin/../lib/gcc/arm-none-eabi/7.3.1/thumb/v7e-m/fpv4-sp/hard/crtbegin.o

.rodata         0x0000000008000d64        0x0
                0x0000000008000d64                . = ALIGN (0x4)
 *(.rodata)
 *(.rodata*)
                0x0000000008000d64                . = ALIGN (0x4)

.ARM.extab      0x0000000008000d64        0x0
                0x0000000008000d64                . = ALIGN (0x4)
 *(.ARM.extab* .gnu.linkonce.armextab.*)
                0x0000000008000d64                . = ALIGN (0x4)

.ARM            0x0000000008000d64        0x0
                0x0000000008000d64                . = ALIGN (0x4)
                0x0000000008000d64                __exidx_start = .
 *(.ARM.exidx*)
                0x0000000008000d64                __exidx_end = .
                0x0000000008000d64                . = ALIGN (0x4)

.preinit_array  0x0000000008000d64        0x0
                0x0000000008000d64                . = ALIGN (0x4)
                0x0000000008000d64                PROVIDE (__preinit_array_start = .)
 *(.preinit_array*)
                0x0000000008000d64                PROVIDE (__preinit_array_end = .)
                0x0000000008000d64                . = ALIGN (0x4)

.init_array     0x0000000008000d64        0x4
                0x0000000008000d64                . = ALIGN (0x4)
                0x0000000008000d64                PROVIDE (__init_array_start = .)
 *(SORT_BY_NAME(.init_array.*))
 *(.init_array*)
 .init_array    0x0000000008000d64        0x4 c:/st/stm32cubeide_1.5.0/stm32cubeide/plugins/com.st.stm32cube.ide.mcu.externaltools.gnu-tools-for-stm32.7-2018-q2-update.win32_1.5.0.202011040924/tools/bin/../lib/gcc/arm-none-eabi/7.3.1/thumb/v7e-m/fpv4-sp/hard/crtbegin.o
                0x0000000008000d68                PROVIDE (__init_array_end = .)
                0x0000000008000d68                . = ALIGN (0x4)

.fini_array     0x0000000008000d68        0x4
                0x0000000008000d68                . = ALIGN (0x4)
                [!provide]                        PROVIDE (__fini_array_start = .)
 *(SORT_BY_NAME(.fini_array.*))
 *(.fini_array*)
 .fini_array    0x0000000008000d68        0x4 c:/st/stm32cubeide_1.5.0/stm32cubeide/plugins/com.st.stm32cube.ide.mcu.externaltools.gnu-tools-for-stm32.7-2018-q2-update.win32_1.5.0.202011040924/tools/bin/../lib/gcc/arm-none-eabi/7.3.1/thumb/v7e-m/fpv4-sp/hard/crtbegin.o
                [!provide]                        PROVIDE (__fini_array_end = .)
                0x0000000008000d6c                . = ALIGN (0x4)
                0x0000000008000d6c                _sidata = LOADADDR (.data)

.data           0x0000000020000000       0x20 load address 0x0000000008000d6c
                0x0000000020000000                . = ALIGN (0x4)
                0x0000000020000000                _sdata = .
 *(.data)
 *(.data*)
 .data.Power_data
                0x0000000020000000        0x2 Src/MPU6050.o
                0x0000000020000000                Power_data
 *fill*         0x0000000020000002        0x2 
 .data.Acc_data
                0x0000000020000004        0x2 Src/MPU6050.o
                0x0000000020000004                Acc_data
 *fill*         0x0000000020000006        0x2 
 .data.Acc_data1
                0x0000000020000008        0x1 Src/MPU6050.o
                0x0000000020000008                Acc_data1
 *fill*         0x0000000020000009        0x3 
 .data.AHB_PreScaler
                0x000000002000000c       0x10 drivers/src/stm32f446xx_rcc_driver.o
                0x000000002000000c                AHB_PreScaler
 .data.APB1_Prescaler
                0x000000002000001c        0x4 drivers/src/stm32f446xx_rcc_driver.o
                0x000000002000001c                APB1_Prescaler
 *(.RamFunc)
 *(.RamFunc*)
                0x0000000020000020                . = ALIGN (0x4)
                0x0000000020000020                _edata = .

.igot.plt       0x0000000020000020        0x0 load address 0x0000000008000d8c
 .igot.plt      0x0000000020000020        0x0 c:/st/stm32cubeide_1.5.0/stm32cubeide/plugins/com.st.stm32cube.ide.mcu.externaltools.gnu-tools-for-stm32.7-2018-q2-update.win32_1.5.0.202011040924/tools/bin/../lib/gcc/arm-none-eabi/7.3.1/thumb/v7e-m/fpv4-sp/hard/crtbegin.o
                0x0000000020000020                . = ALIGN (0x4)

.bss            0x0000000020000020       0x64 load address 0x0000000008000d8c
                0x0000000020000020                _sbss = .
                0x0000000020000020                __bss_start__ = _sbss
 *(.bss)
 .bss           0x0000000020000020       0x1c c:/st/stm32cubeide_1.5.0/stm32cubeide/plugins/com.st.stm32cube.ide.mcu.externaltools.gnu-tools-for-stm32.7-2018-q2-update.win32_1.5.0.202011040924/tools/bin/../lib/gcc/arm-none-eabi/7.3.1/thumb/v7e-m/fpv4-sp/hard/crtbegin.o
 *(.bss*)
 *(COMMON)
 COMMON         0x000000002000003c       0x48 Src/MPU6050.o
                0x000000002000003c                I2C1Handle
                0x0000000020000064                rcv_buf
                0x0000000020000084                . = ALIGN (0x4)
                0x0000000020000084                _ebss = .
                0x0000000020000084                __bss_end__ = _ebss

._user_heap_stack
                0x0000000020000084      0x604 load address 0x0000000008000d8c
                0x0000000020000088                . = ALIGN (0x8)
 *fill*         0x0000000020000084        0x4 
                0x0000000020000088                PROVIDE (end = .)
                [!provide]                        PROVIDE (_end = .)
                0x0000000020000288                . = (. + _Min_Heap_Size)
 *fill*         0x0000000020000088      0x200 
                0x0000000020000688                . = (. + _Min_Stack_Size)
 *fill*         0x0000000020000288      0x400 
                0x0000000020000688                . = ALIGN (0x8)

/DISCARD/
 libc.a(*)
 libm.a(*)
 libgcc.a(*)

.ARM.attributes
                0x0000000000000000       0x30
 *(.ARM.attributes)
 .ARM.attributes
                0x0000000000000000       0x22 c:/st/stm32cubeide_1.5.0/stm32cubeide/plugins/com.st.stm32cube.ide.mcu.externaltools.gnu-tools-for-stm32.7-2018-q2-update.win32_1.5.0.202011040924/tools/bin/../lib/gcc/arm-none-eabi/7.3.1/thumb/v7e-m/fpv4-sp/hard/crti.o
 .ARM.attributes
                0x0000000000000022       0x34 c:/st/stm32cubeide_1.5.0/stm32cubeide/plugins/com.st.stm32cube.ide.mcu.externaltools.gnu-tools-for-stm32.7-2018-q2-update.win32_1.5.0.202011040924/tools/bin/../lib/gcc/arm-none-eabi/7.3.1/thumb/v7e-m/fpv4-sp/hard/crtbegin.o
 .ARM.attributes
                0x0000000000000056       0x39 Src/MPU6050.o
 .ARM.attributes
                0x000000000000008f       0x21 Startup/startup_stm32f446retx.o
 .ARM.attributes
                0x00000000000000b0       0x39 drivers/src/stm32f446xx_gpio.o
 .ARM.attributes
                0x00000000000000e9       0x39 drivers/src/stm32f446xx_i2c_driver.o
 .ARM.attributes
                0x0000000000000122       0x39 drivers/src/stm32f446xx_rcc_driver.o
 .ARM.attributes
                0x000000000000015b       0x34 c:/st/stm32cubeide_1.5.0/stm32cubeide/plugins/com.st.stm32cube.ide.mcu.externaltools.gnu-tools-for-stm32.7-2018-q2-update.win32_1.5.0.202011040924/tools/bin/../lib/gcc/arm-none-eabi/7.3.1/../../../../arm-none-eabi/lib/thumb/v7e-m/fpv4-sp/hard\libc_nano.a(lib_a-init.o)
 .ARM.attributes
                0x000000000000018f       0x22 c:/st/stm32cubeide_1.5.0/stm32cubeide/plugins/com.st.stm32cube.ide.mcu.externaltools.gnu-tools-for-stm32.7-2018-q2-update.win32_1.5.0.202011040924/tools/bin/../lib/gcc/arm-none-eabi/7.3.1/thumb/v7e-m/fpv4-sp/hard/crtn.o
OUTPUT(stm32f446xx_drivers.elf elf32-littlearm)

.debug_info     0x0000000000000000     0x215a
 .debug_info    0x0000000000000000      0xc3b Src/MPU6050.o
 .debug_info    0x0000000000000c3b       0x22 Startup/startup_stm32f446retx.o
 .debug_info    0x0000000000000c5d      0x741 drivers/src/stm32f446xx_gpio.o
 .debug_info    0x000000000000139e      0x9ff drivers/src/stm32f446xx_i2c_driver.o
 .debug_info    0x0000000000001d9d      0x3bd drivers/src/stm32f446xx_rcc_driver.o

.debug_abbrev   0x0000000000000000      0x60c
 .debug_abbrev  0x0000000000000000      0x1ee Src/MPU6050.o
 .debug_abbrev  0x00000000000001ee       0x12 Startup/startup_stm32f446retx.o
 .debug_abbrev  0x0000000000000200      0x159 drivers/src/stm32f446xx_gpio.o
 .debug_abbrev  0x0000000000000359      0x1b6 drivers/src/stm32f446xx_i2c_driver.o
 .debug_abbrev  0x000000000000050f       0xfd drivers/src/stm32f446xx_rcc_driver.o

.debug_aranges  0x0000000000000000      0x1e0
 .debug_aranges
                0x0000000000000000       0x38 Src/MPU6050.o
 .debug_aranges
                0x0000000000000038       0x28 Startup/startup_stm32f446retx.o
 .debug_aranges
                0x0000000000000060       0x70 drivers/src/stm32f446xx_gpio.o
 .debug_aranges
                0x00000000000000d0       0xe0 drivers/src/stm32f446xx_i2c_driver.o
 .debug_aranges
                0x00000000000001b0       0x30 drivers/src/stm32f446xx_rcc_driver.o

.debug_ranges   0x0000000000000000      0x198
 .debug_ranges  0x0000000000000000       0x28 Src/MPU6050.o
 .debug_ranges  0x0000000000000028       0x20 Startup/startup_stm32f446retx.o
 .debug_ranges  0x0000000000000048       0x60 drivers/src/stm32f446xx_gpio.o
 .debug_ranges  0x00000000000000a8       0xd0 drivers/src/stm32f446xx_i2c_driver.o
 .debug_ranges  0x0000000000000178       0x20 drivers/src/stm32f446xx_rcc_driver.o

.debug_macro    0x0000000000000000     0x2bae
 .debug_macro   0x0000000000000000      0x244 Src/MPU6050.o
 .debug_macro   0x0000000000000244      0xa66 Src/MPU6050.o
 .debug_macro   0x0000000000000caa       0x22 Src/MPU6050.o
 .debug_macro   0x0000000000000ccc       0x40 Src/MPU6050.o
 .debug_macro   0x0000000000000d0c       0x18 Src/MPU6050.o
 .debug_macro   0x0000000000000d24       0x94 Src/MPU6050.o
 .debug_macro   0x0000000000000db8       0x3c Src/MPU6050.o
 .debug_macro   0x0000000000000df4       0x34 Src/MPU6050.o
 .debug_macro   0x0000000000000e28       0x16 Src/MPU6050.o
 .debug_macro   0x0000000000000e3e       0x57 Src/MPU6050.o
 .debug_macro   0x0000000000000e95       0x97 Src/MPU6050.o
 .debug_macro   0x0000000000000f2c      0x330 Src/MPU6050.o
 .debug_macro   0x000000000000125c       0xfd Src/MPU6050.o
 .debug_macro   0x0000000000001359       0x10 Src/MPU6050.o
 .debug_macro   0x0000000000001369       0x52 Src/MPU6050.o
 .debug_macro   0x00000000000013bb       0x1f Src/MPU6050.o
 .debug_macro   0x00000000000013da       0x43 Src/MPU6050.o
 .debug_macro   0x000000000000141d       0x20 Src/MPU6050.o
 .debug_macro   0x000000000000143d      0x1a3 Src/MPU6050.o
 .debug_macro   0x00000000000015e0       0x10 Src/MPU6050.o
 .debug_macro   0x00000000000015f0       0x6a Src/MPU6050.o
 .debug_macro   0x000000000000165a       0x1c Src/MPU6050.o
 .debug_macro   0x0000000000001676       0x52 Src/MPU6050.o
 .debug_macro   0x00000000000016c8       0x40 Src/MPU6050.o
 .debug_macro   0x0000000000001708       0x10 Src/MPU6050.o
 .debug_macro   0x0000000000001718       0x40 Src/MPU6050.o
 .debug_macro   0x0000000000001758       0xd7 Src/MPU6050.o
 .debug_macro   0x000000000000182f       0x1c Src/MPU6050.o
 .debug_macro   0x000000000000184b       0x3d Src/MPU6050.o
 .debug_macro   0x0000000000001888       0x16 Src/MPU6050.o
 .debug_macro   0x000000000000189e      0x145 Src/MPU6050.o
 .debug_macro   0x00000000000019e3       0x16 Src/MPU6050.o
 .debug_macro   0x00000000000019f9       0x35 Src/MPU6050.o
 .debug_macro   0x0000000000001a2e       0x20 Src/MPU6050.o
 .debug_macro   0x0000000000001a4e       0xef Src/MPU6050.o
 .debug_macro   0x0000000000001b3d      0x1df Src/MPU6050.o
 .debug_macro   0x0000000000001d1c      0x769 Src/MPU6050.o
 .debug_macro   0x0000000000002485       0xc4 Src/MPU6050.o
 .debug_macro   0x0000000000002549       0xd0 Src/MPU6050.o
 .debug_macro   0x0000000000002619       0xd6 Src/MPU6050.o
 .debug_macro   0x00000000000026ef       0xd6 Src/MPU6050.o
 .debug_macro   0x00000000000027c5       0xbc drivers/src/stm32f446xx_gpio.o
 .debug_macro   0x0000000000002881       0x8e drivers/src/stm32f446xx_gpio.o
 .debug_macro   0x000000000000290f       0x51 drivers/src/stm32f446xx_gpio.o
 .debug_macro   0x0000000000002960       0xc2 drivers/src/stm32f446xx_i2c_driver.o
 .debug_macro   0x0000000000002a22       0xd0 drivers/src/stm32f446xx_i2c_driver.o
 .debug_macro   0x0000000000002af2       0xbc drivers/src/stm32f446xx_rcc_driver.o

.debug_line     0x0000000000000000     0x1ac3
 .debug_line    0x0000000000000000      0x6c9 Src/MPU6050.o
 .debug_line    0x00000000000006c9       0x84 Startup/startup_stm32f446retx.o
 .debug_line    0x000000000000074d      0x68d drivers/src/stm32f446xx_gpio.o
 .debug_line    0x0000000000000dda      0x823 drivers/src/stm32f446xx_i2c_driver.o
 .debug_line    0x00000000000015fd      0x4c6 drivers/src/stm32f446xx_rcc_driver.o

.debug_str      0x0000000000000000     0xb361
 .debug_str     0x0000000000000000     0xacee Src/MPU6050.o
                                       0xaf5a (size before relaxing)
 .debug_str     0x000000000000acee       0x31 Startup/startup_stm32f446retx.o
                                         0x72 (size before relaxing)
 .debug_str     0x000000000000ad1f      0x2ca drivers/src/stm32f446xx_gpio.o
                                       0x6f41 (size before relaxing)
 .debug_str     0x000000000000afe9      0x2b7 drivers/src/stm32f446xx_i2c_driver.o
                                       0x70c6 (size before relaxing)
 .debug_str     0x000000000000b2a0       0xc1 drivers/src/stm32f446xx_rcc_driver.o
                                       0x6d85 (size before relaxing)

.comment        0x0000000000000000       0x7b
 .comment       0x0000000000000000       0x7b Src/MPU6050.o
                                         0x7c (size before relaxing)
 .comment       0x000000000000007b       0x7c drivers/src/stm32f446xx_gpio.o
 .comment       0x000000000000007b       0x7c drivers/src/stm32f446xx_i2c_driver.o
 .comment       0x000000000000007b       0x7c drivers/src/stm32f446xx_rcc_driver.o

.debug_frame    0x0000000000000000      0x6dc
 .debug_frame   0x0000000000000000       0x9c Src/MPU6050.o
 .debug_frame   0x000000000000009c      0x1c8 drivers/src/stm32f446xx_gpio.o
 .debug_frame   0x0000000000000264      0x3d0 drivers/src/stm32f446xx_i2c_driver.o
 .debug_frame   0x0000000000000634       0x7c drivers/src/stm32f446xx_rcc_driver.o
 .debug_frame   0x00000000000006b0       0x2c c:/st/stm32cubeide_1.5.0/stm32cubeide/plugins/com.st.stm32cube.ide.mcu.externaltools.gnu-tools-for-stm32.7-2018-q2-update.win32_1.5.0.202011040924/tools/bin/../lib/gcc/arm-none-eabi/7.3.1/../../../../arm-none-eabi/lib/thumb/v7e-m/fpv4-sp/hard\libc_nano.a(lib_a-init.o)
